Microchip MPLAB XC8 Compiler V2.46

Linker command line:

-W-3 \
  --edf=C:\Program Files\Microchip\xc8\v2.46\pic\dat\20240104201356_en.msgs \
  -cn -h+dist/default/production\TY1500_U2_V06.X.production.sym \
  --cmf=dist/default/production\TY1500_U2_V06.X.production.cmf -z -Q16F1936 \
  -oC:\Users\t00904\AppData\Local\Temp\xcAs7pc.\driver_tmp_3.o \
  --defsym=__MPLAB_BUILD=1 --fixupoverflow=error \
  -Mdist/default/production/TY1500_U2_V06.X.production.map \
  --md=C:\Users\t00904\AppData\Local\Temp\xcAs7pc.\driver_tmp_0.dat -E1 \
  -ver=XC8 Compiler --acfsm=1493 -ACODE=00h-07FFhx4 -ASTRCODE=00h-01FFFh \
  -ASTRING=00h-0FFhx32 -ACONST=00h-0FFhx32 -AENTRY=00h-0FFhx32 \
  -ACOMMON=070h-07Fh -ABANK0=020h-06Fh -ABANK1=0A0h-0EFh \
  -ABANK2=0120h-016Fh -ABANK3=01A0h-01EFh -ABANK4=0220h-026Fh \
  -ABANK5=02A0h-02EFh -ABANK6=0320h-032Fh -ABIGRAM=02000h-021EFh \
  -ARAM=020h-06Fh,0A0h-0EFh,0120h-016Fh,01A0h-01EFh,0220h-026Fh,02A0h-02EFh,0320h-032Fh \
  -AABS1=020h-07Fh,0A0h-0EFh,0120h-016Fh,01A0h-01EFh,0220h-026Fh,02A0h-02EFh,0320h-032Fh \
  -ASFR0=00h-01Fh -ASFR1=080h-09Fh -ASFR2=0100h-011Fh -ASFR3=0180h-019Fh \
  -ASFR4=0200h-021Fh -ASFR5=0280h-029Fh -ASFR6=0300h-031Fh \
  -ASFR7=0380h-03EFh -ASFR8=0400h-046Fh -ASFR9=0480h-04EFh \
  -ASFR10=0500h-056Fh -ASFR11=0580h-05EFh -ASFR12=0600h-066Fh \
  -ASFR13=0680h-06EFh -ASFR14=0700h-076Fh -ASFR15=0780h-07EFh \
  -ASFR16=0800h-086Fh -ASFR17=0880h-08EFh -ASFR18=0900h-096Fh \
  -ASFR19=0980h-09EFh -ASFR20=0A00h-0A6Fh -ASFR21=0A80h-0AEFh \
  -ASFR22=0B00h-0B6Fh -ASFR23=0B80h-0BEFh -ASFR24=0C00h-0C6Fh \
  -ASFR25=0C80h-0CEFh -ASFR26=0D00h-0D6Fh -ASFR27=0D80h-0DEFh \
  -ASFR28=0E00h-0E6Fh -ASFR29=0E80h-0EEFh -ASFR30=0F00h-0F6Fh \
  -ASFR31=0F80h-0FEFh -ACONFIG=08007h-08008h -DCONFIG=2 \
  -AIDLOC=08000h-08003h -DIDLOC=2 -AEEDATA=00h-0FFh/0F000h \
  -peeprom_data=EEDATA -DEEDATA=2 -DCODE=2 -DSTRCODE=2 -DSTRING=2 -DCONST=2 \
  -DENTRY=2 -preset_vec=00h,intentry=04h,sivt,init,end_init -ppowerup=CODE \
  -pcinit=CODE -pfunctab=ENTRY -k \
  C:\Users\t00904\AppData\Local\Temp\xcAs7pc.\driver_tmp_15.o \
  dist/default/production\TY1500_U2_V06.X.production.o 

Object code version is 3.11

Machine type is 16F1936



                Name                               Link     Load   Length Selector   Space Scale
C:\Users\t00904\AppData\Local\Temp\xcAs7pc.\driver_tmp_15.o
                end_init                             26       26        2        8       0
                reset_vec                             0        0        2        0       0
                config                             8007     8007        2        0       4
dist/default/production\TY1500_U2_V06.X.production.o
                cinit                                28       28       16        8       0
                intentry                              4        4       22        8       0
                config                             8007     8007        2        0       4
                text47                               3E       3E       A2        8       0
                text46                              305      305        F      3C4       0
                text45                              2F6      2F6        F      3C4       0
                text44                              32F      32F        D      3C4       0
                text43                              274      274       18      3C4       0
                text41                              360      360        A      3C4       0
                text40                              354      354        C      3C4       0
                text39                              258      258       1C      3C4       0
                text38                              322      322        D      3C4       0
                text37                              348      348        C      3C4       0
                text36                              38E      38E        4      3C4       0
                text35                              28C      28C       13      3C4       0
                text34                              3CF      3CF        1      79C       0
                text33                              3C2      3C2        3      3C4       0
                text32                              38A      38A        4      3C4       0
                text31                              385      385        5      3C4       0
                text30                              3BF      3BF        3      3C4       0
                text29                              3BC      3BC        3      3C4       0
                text28                              37F      37F        6      3C4       0
                text27                              2E5      2E5       11      3C4       0
                text26                              36A      36A        9      3C4       0
                text25                              3B9      3B9        3      3C4       0
                text24                              3B6      3B6        3      3C4       0
                text23                              3B3      3B3        3      3C4       0
                text22                              3CE      3CE        1      79C       0
                text21                              379      379        6      3C4       0
                text20                              33C      33C        C      3C4       0
                text19                              3B0      3B0        3      3C4       0
                text18                              3AD      3AD        3      3C4       0
                text17                              3AA      3AA        3      3C4       0
                text16                              3A7      3A7        3      3C4       0
                text15                              3A4      3A4        3      3C4       0
                text14                              3A1      3A1        3      3C4       0
                text13                              39E      39E        3      3C4       0
                text12                              39B      39B        3      3C4       0
                text11                              398      398        3      3C4       0
                text10                              395      395        3      3C4       0
                text9                               1E2      1E2       3C      3C4       0
                text8                               14E      14E       54        8       0
                text7                               2D4      2D4       11      3C4       0
                text6                               2C3      2C3       11      3C4       0
                text5                                E0       E0       6E        8       0
                text4                               2B1      2B1       12      3C4       0
                text3                               392      392        3      3C4       0
                text2                               29F      29F       12      3C4       0
                text1                               21E      21E       3A      3C4       0
                maintext                            314      314        E      3C4       0
                cstackBANK0                          44       44        4       20       1
                cstackCOMMON                         76       76        6       70       1
                clrtext                             373      373        6      3C4       0
                dataBANK0                            48       48        1       20       1
                bssBANK0                             20       20       24       20       1
                bssCOMMON                            70       70        6       70       1
                stringtext9                         3CD      3CD        1      78C       0
                stringtext8                         3CC      3CC        1      78C       0
                stringtext7                         3CB      3CB        1      78C       0
                stringtext6                         3CA      3CA        1      78C       0
                stringtext5                         3C9      3C9        1      78C       0
                stringtext4                         3C8      3C8        1      78C       0
                stringtext3                         3C7      3C7        1      78C       0
                stringtext2                         3C6      3C6        1      78C       0
                stringtext1                         1A2      1A2       40      344       0
                idataBANK0                          3C5      3C5        1      3C4       0

TOTAL           Name                               Link     Load   Length     Space
        CLASS   CODE           
                end_init                             26       26        2         0
                cinit                                28       28       16         0
                intentry                              4        4       22         0
                reset_vec                             0        0        2         0
                text47                               3E       3E       A2         0
                text46                              305      305        F         0
                text45                              2F6      2F6        F         0
                text44                              32F      32F        D         0
                text43                              274      274       18         0
                text41                              360      360        A         0
                text40                              354      354        C         0
                text39                              258      258       1C         0
                text38                              322      322        D         0
                text37                              348      348        C         0
                text36                              38E      38E        4         0
                text35                              28C      28C       13         0
                text34                              3CF      3CF        1         0
                text33                              3C2      3C2        3         0
                text32                              38A      38A        4         0
                text31                              385      385        5         0
                text30                              3BF      3BF        3         0
                text29                              3BC      3BC        3         0
                text28                              37F      37F        6         0
                text27                              2E5      2E5       11         0
                text26                              36A      36A        9         0
                text25                              3B9      3B9        3         0
                text24                              3B6      3B6        3         0
                text23                              3B3      3B3        3         0
                text22                              3CE      3CE        1         0
                text21                              379      379        6         0
                text20                              33C      33C        C         0
                text19                              3B0      3B0        3         0
                text18                              3AD      3AD        3         0
                text17                              3AA      3AA        3         0
                text16                              3A7      3A7        3         0
                text15                              3A4      3A4        3         0
                text14                              3A1      3A1        3         0
                text13                              39E      39E        3         0
                text12                              39B      39B        3         0
                text11                              398      398        3         0
                text10                              395      395        3         0
                text9                               1E2      1E2       3C         0
                text8                               14E      14E       54         0
                text7                               2D4      2D4       11         0
                text6                               2C3      2C3       11         0
                text5                                E0       E0       6E         0
                text4                               2B1      2B1       12         0
                text3                               392      392        3         0
                text2                               29F      29F       12         0
                text1                               21E      21E       3A         0
                maintext                            314      314        E         0
                clrtext                             373      373        6         0
                idataBANK0                          3C5      3C5        1         0

        CLASS   STRCODE        
                stringtext9                         3CD      3CD        1         0
                stringtext8                         3CC      3CC        1         0
                stringtext7                         3CB      3CB        1         0
                stringtext6                         3CA      3CA        1         0
                stringtext5                         3C9      3C9        1         0
                stringtext4                         3C8      3C8        1         0
                stringtext3                         3C7      3C7        1         0
                stringtext2                         3C6      3C6        1         0
                stringtext1                         1A2      1A2       40         0

        CLASS   STRING         

        CLASS   CONST          

        CLASS   ENTRY          

        CLASS   COMMON         
                cstackCOMMON                         76       76        6         1
                bssCOMMON                            70       70        6         1

        CLASS   BANK0          
                cstackBANK0                          44       44        4         1
                dataBANK0                            48       48        1         1
                bssBANK0                             20       20       24         1

        CLASS   BANK1          

        CLASS   BANK2          

        CLASS   BANK3          

        CLASS   BANK4          

        CLASS   BANK5          

        CLASS   BANK6          

        CLASS   BIGRAM         

        CLASS   RAM            

        CLASS   ABS1           
                abs_s1                               7E       7E        2         1

        CLASS   SFR0           

        CLASS   SFR1           

        CLASS   SFR2           

        CLASS   SFR3           

        CLASS   SFR4           

        CLASS   SFR5           

        CLASS   SFR6           

        CLASS   SFR7           

        CLASS   SFR8           

        CLASS   SFR9           

        CLASS   SFR10          

        CLASS   SFR11          

        CLASS   SFR12          

        CLASS   SFR13          

        CLASS   SFR14          

        CLASS   SFR15          

        CLASS   SFR16          

        CLASS   SFR17          

        CLASS   SFR18          

        CLASS   SFR19          

        CLASS   SFR20          

        CLASS   SFR21          

        CLASS   SFR22          

        CLASS   SFR23          

        CLASS   SFR24          

        CLASS   SFR25          

        CLASS   SFR26          

        CLASS   SFR27          

        CLASS   SFR28          

        CLASS   SFR29          

        CLASS   SFR30          

        CLASS   SFR31          

        CLASS   CONFIG         
                config                             8007     8007        2         4

        CLASS   IDLOC          

        CLASS   EEDATA         

        CLASS   BANK31         

        CLASS   BANK30         

        CLASS   BANK29         

        CLASS   BANK28         

        CLASS   BANK27         

        CLASS   BANK26         

        CLASS   BANK25         

        CLASS   BANK24         

        CLASS   BANK23         

        CLASS   BANK22         

        CLASS   BANK21         

        CLASS   BANK20         

        CLASS   BANK19         

        CLASS   BANK18         

        CLASS   BANK17         

        CLASS   BANK16         

        CLASS   BANK15         

        CLASS   BANK14         

        CLASS   BANK13         

        CLASS   BANK12         

        CLASS   BANK11         

        CLASS   BANK10         

        CLASS   BANK9          

        CLASS   BANK8          

        CLASS   BANK7          

        CLASS   HEAP           

        CLASS   STACK          



SEGMENTS        Name                           Load    Length   Top    Selector   Space  Class     Delta

                reset_vec                      000000  000002  000002         0       0  CODE        2
                intentry                       000004  00019E  0001A2         8       0  CODE        2
                bssBANK0                       000020  000029  000049        20       1  BANK0       1
                bssCOMMON                      000070  00000C  00007C        70       1  COMMON      1
                stringtext1                    0001A2  000040  0001E2       344       0  STRCODE     2
                text9                          0001E2  0001E4  0003C6       3C4       0  CODE        2
                stringtext2                    0003C6  000008  0003CE       78C       0  STRCODE     2
                text22                         0003CE  000002  0003D0       79C       0  CODE        2


UNUSED ADDRESS RANGES

        Name                Unused          Largest block    Delta
        BANK0            00049-0006F              27           1
        BANK1            000A0-000EF              50           1
        BANK2            00120-0016F              50           1
        BANK3            001A0-001EF              50           1
        BANK4            00220-0026F              50           1
        BANK5            002A0-002EF              50           1
        BANK6            00320-0032F              10           1
        BIGRAM           02000-021EF             1F0           1
        CODE             00002-00003               2           2
                         003D0-01FFF             800
        COMMON           0007C-0007D               2           1
        CONST            00002-00003               2           2
                         003D0-01FFF             100
        EEDATA           0F000-0F0FF             100           2
        ENTRY            00002-00003               2           2
                         003D0-01FFF             100
        IDLOC            08000-08003               4           2
        RAM              00049-0006F              27           1
                         000A0-000EF              50
                         00120-0016F              50
                         001A0-001EF              50
                         00220-0026F              50
                         002A0-002EF              50
                         00320-0032F              10
        SFR0             00000-0001F              20           1
        SFR1             00080-0009F              20           1
        SFR10            00500-0056F              70           1
        SFR11            00580-005EF              70           1
        SFR12            00600-0066F              70           1
        SFR13            00680-006EF              70           1
        SFR14            00700-0076F              70           1
        SFR15            00780-007EF              70           1
        SFR16            00800-0086F              70           1
        SFR17            00880-008EF              70           1
        SFR18            00900-0096F              70           1
        SFR19            00980-009EF              70           1
        SFR2             00100-0011F              20           1
        SFR20            00A00-00A6F              70           1
        SFR21            00A80-00AEF              70           1
        SFR22            00B00-00B6F              70           1
        SFR23            00B80-00BEF              70           1
        SFR24            00C00-00C6F              70           1
        SFR25            00C80-00CEF              70           1
        SFR26            00D00-00D6F              70           1
        SFR27            00D80-00DEF              70           1
        SFR28            00E00-00E6F              70           1
        SFR29            00E80-00EEF              70           1
        SFR3             00180-0019F              20           1
        SFR30            00F00-00F6F              70           1
        SFR31            00F80-00FEF              70           1
        SFR4             00200-0021F              20           1
        SFR5             00280-0029F              20           1
        SFR6             00300-0031F              20           1
        SFR7             00380-003EF              70           1
        SFR8             00400-0046F              70           1
        SFR9             00480-004EF              70           1
        STRCODE          00002-00003               2           2
                         003D0-01FFF            1C30
        STRING           00002-00003               2           2
                         003D0-01FFF             100

                                  Symbol Table

ECCP3_CallBack@bit_cnt                    bssBANK0     0003B
ECCP3_CallBack@capturedValue              cstackCOMMON 00076
ECCP3_CallBack@diff_us                    bssBANK0     0003C
ECCP3_CallBack@fRise_edge                 bssBANK0     0003A
ECCP3_CallBack@fStart_bit                 bssBANK0     00039
ECCP3_CallBack@falling_edge_time          bssBANK0     0002D
ECCP3_CallBack@negative_pulse_width       bssBANK0     00031
ECCP3_CallBack@negative_pulse_width_us    bssCOMMON    00070
ECCP3_CallBack@positive_pulse_width       bssBANK0     0002F
ECCP3_CallBack@positive_pulse_width_us    bssCOMMON    00071
ECCP3_CallBack@rising_edge_time           bssBANK0     0002B
ECCP3_CaptureISR@module                   cstackCOMMON 0007A
TMR0_ISR@CountCallBack                    bssBANK0     00033
TMR0_SetInterruptHandler@InterruptHandler cstackBANK0  00044
TMR0_WriteTimer@timerVal                  cstackBANK0  00044
TMR1_ReadTimer@readValHigh                cstackBANK0  00044
TMR1_ReadTimer@readValLow                 cstackBANK0  00045
TMR1_WriteTimer@timerVal                  cstackBANK0  00044
_ANSELA                                   (abs)        0018C
_ANSELB                                   (abs)        0018D
_APFCON                                   (abs)        0011D
_BORCON                                   (abs)        00116
_CCP3CON                                  (abs)        00313
_CCPR3H                                   (abs)        00312
_CCPR3L                                   (abs)        00311
_CS                                       stringtext1  001A2
_Clear_No_Call_Warning                    text22       003CE
_Communication_timer                      bssBANK0     00040
_D2                                       bssCOMMON    00074
_D3                                       bssBANK0     00043
_DRL_OFF                                  text19       003B0
_DRL_ON                                   text18       003AD
_ECCP3_CallBack                           text47       0003E
_ECCP3_CaptureISR                         text46       00305
_ECCP3_Initialize                         text41       00360
_FAN_OFF                                  text17       003AA
_FAN_ON                                   text16       003A7
_HIBEAM_OFF                               text15       003A4
_HIBEAM_ON                                text14       003A1
_INTCONbits                               (abs)        0000B
_INTERRUPT_InterruptManager               intentry     00004
_LATA                                     (abs)        0010C
_LATAbits                                 (abs)        0010C
_LATB                                     (abs)        0010D
_LATBbits                                 (abs)        0010D
_LATC                                     (abs)        0010E
_LATCbits                                 (abs)        0010E
_LATE                                     (abs)        00110
_LED_control                              text9        001E2
_LOBEAM_OFF                               text13       0039E
_LOBEAM_ON                                text12       0039B
_OPTION_REG                               (abs)        00095
_OPTION_REGbits                           (abs)        00095
_OSCCON                                   (abs)        00099
_OSCILLATOR_Initialize                    text40       00354
_OSCTUNE                                  (abs)        00098
_PIE3bits                                 (abs)        00093
_PIN_MANAGER_IOC                          text34       003CF
_PIN_MANAGER_Initialize                   text39       00258
_PIR1bits                                 (abs)        00011
_PIR3bits                                 (abs)        00013
_PLLR                                     (abs)        004D6
_POS_OFF                                  text11       00398
_POS_ON                                   text10       00395
_SYSTEM_Initialize                        text35       0028C
_T1CON                                    (abs)        00018
_T1CONbits                                (abs)        00018
_T1GCON                                   (abs)        00019
_T1GCONbits                               (abs)        00019
_TMR0                                     (abs)        00015
_TMR0_10MS_Even                           text45       002F6
_TMR0_CallBack                            text44       0032F
_TMR0_ISR                                 text43       00274
_TMR0_Initialize                          text38       00322
_TMR0_InterruptHandler                    bssBANK0     00035
_TMR0_ReadTimer                           text33       003C2
_TMR0_Reload                              text32       0038A
_TMR0_SetInterruptHandler                 text21       00379
_TMR0_WriteTimer                          text31       00385
_TMR1H                                    (abs)        00017
_TMR1L                                    (abs)        00016
_TMR1_CheckGateValueStatus                text30       003BF
_TMR1_HasOverflowOccured                  text29       003BC
_TMR1_Initialize                          text37       00348
_TMR1_ReadTimer                           text28       0037F
_TMR1_Reload                              text26       0036A
_TMR1_StartSinglePulseAcquisition         text25       003B9
_TMR1_StartTimer                          text24       003B6
_TMR1_StopTimer                           text23       003B3
_TMR1_WriteTimer                          text27       002E5
_TRISA                                    (abs)        0008C
_TRISB                                    (abs)        0008D
_TRISC                                    (abs)        0008E
_TRISE                                    (abs)        00090
_WDTCON                                   (abs)        00097
_WDT_Initialize                           text36       0038E
_WPUB                                     (abs)        0020D
_WPUE                                     (abs)        00210
__H__absolute__                           __absolute__ 00000
__Habs1                                   abs1         00000
__Hbank0                                  bank0        00000
__Hbank1                                  bank1        00000
__Hbank10                                 bank10       00000
__Hbank11                                 bank11       00000
__Hbank12                                 bank12       00000
__Hbank13                                 bank13       00000
__Hbank14                                 bank14       00000
__Hbank15                                 bank15       00000
__Hbank16                                 bank16       00000
__Hbank17                                 bank17       00000
__Hbank18                                 bank18       00000
__Hbank19                                 bank19       00000
__Hbank2                                  bank2        00000
__Hbank20                                 bank20       00000
__Hbank21                                 bank21       00000
__Hbank22                                 bank22       00000
__Hbank23                                 bank23       00000
__Hbank24                                 bank24       00000
__Hbank25                                 bank25       00000
__Hbank26                                 bank26       00000
__Hbank27                                 bank27       00000
__Hbank28                                 bank28       00000
__Hbank29                                 bank29       00000
__Hbank3                                  bank3        00000
__Hbank30                                 bank30       00000
__Hbank31                                 bank31       00000
__Hbank4                                  bank4        00000
__Hbank5                                  bank5        00000
__Hbank6                                  bank6        00000
__Hbank7                                  bank7        00000
__Hbank8                                  bank8        00000
__Hbank9                                  bank9        00000
__Hbigram                                 bigram       00000
__HbssBANK0                               bssBANK0     00000
__HbssCOMMON                              bssCOMMON    00000
__Hcinit                                  cinit        0003E
__Hclrtext                                clrtext      00000
__Hcode                                   code         00000
__Hcommon                                 common       00000
__Hconfig                                 config       08009
__HcstackBANK0                            cstackBANK0  00000
__HcstackCOMMON                           cstackCOMMON 00000
__HdataBANK0                              dataBANK0    00000
__Heeprom_data                            eeprom_data  00000
__Hend_init                               end_init     00028
__Hfunctab                                functab      00000
__Hheap                                   heap         00000
__HidataBANK0                             idataBANK0   00000
__Hinit                                   init         00026
__Hintentry                               intentry     00026
__Hmaintext                               maintext     00000
__Hpowerup                                powerup      00000
__Hram                                    ram          00000
__Hreset_vec                              reset_vec    00002
__Hsfr0                                   sfr0         00000
__Hsfr1                                   sfr1         00000
__Hsfr10                                  sfr10        00000
__Hsfr11                                  sfr11        00000
__Hsfr12                                  sfr12        00000
__Hsfr13                                  sfr13        00000
__Hsfr14                                  sfr14        00000
__Hsfr15                                  sfr15        00000
__Hsfr16                                  sfr16        00000
__Hsfr17                                  sfr17        00000
__Hsfr18                                  sfr18        00000
__Hsfr19                                  sfr19        00000
__Hsfr2                                   sfr2         00000
__Hsfr20                                  sfr20        00000
__Hsfr21                                  sfr21        00000
__Hsfr22                                  sfr22        00000
__Hsfr23                                  sfr23        00000
__Hsfr24                                  sfr24        00000
__Hsfr25                                  sfr25        00000
__Hsfr26                                  sfr26        00000
__Hsfr27                                  sfr27        00000
__Hsfr28                                  sfr28        00000
__Hsfr29                                  sfr29        00000
__Hsfr3                                   sfr3         00000
__Hsfr30                                  sfr30        00000
__Hsfr31                                  sfr31        00000
__Hsfr4                                   sfr4         00000
__Hsfr5                                   sfr5         00000
__Hsfr6                                   sfr6         00000
__Hsfr7                                   sfr7         00000
__Hsfr8                                   sfr8         00000
__Hsfr9                                   sfr9         00000
__Hsivt                                   sivt         00026
__Hspace_0                                (abs)        003D0
__Hspace_1                                (abs)        0007C
__Hspace_2                                (abs)        00000
__Hspace_3                                (abs)        00000
__Hspace_4                                (abs)        10010
__Hstack                                  stack        00000
__Hstrings                                strings      00000
__Hstringtext1                            stringtext1  00000
__Hstringtext2                            stringtext2  00000
__Hstringtext3                            stringtext3  00000
__Hstringtext4                            stringtext4  00000
__Hstringtext5                            stringtext5  00000
__Hstringtext6                            stringtext6  00000
__Hstringtext7                            stringtext7  00000
__Hstringtext8                            stringtext8  00000
__Hstringtext9                            stringtext9  00000
__Htext                                   text         00000
__L__absolute__                           __absolute__ 00000
__Labs1                                   abs1         00000
__Lbank0                                  bank0        00000
__Lbank1                                  bank1        00000
__Lbank10                                 bank10       00000
__Lbank11                                 bank11       00000
__Lbank12                                 bank12       00000
__Lbank13                                 bank13       00000
__Lbank14                                 bank14       00000
__Lbank15                                 bank15       00000
__Lbank16                                 bank16       00000
__Lbank17                                 bank17       00000
__Lbank18                                 bank18       00000
__Lbank19                                 bank19       00000
__Lbank2                                  bank2        00000
__Lbank20                                 bank20       00000
__Lbank21                                 bank21       00000
__Lbank22                                 bank22       00000
__Lbank23                                 bank23       00000
__Lbank24                                 bank24       00000
__Lbank25                                 bank25       00000
__Lbank26                                 bank26       00000
__Lbank27                                 bank27       00000
__Lbank28                                 bank28       00000
__Lbank29                                 bank29       00000
__Lbank3                                  bank3        00000
__Lbank30                                 bank30       00000
__Lbank31                                 bank31       00000
__Lbank4                                  bank4        00000
__Lbank5                                  bank5        00000
__Lbank6                                  bank6        00000
__Lbank7                                  bank7        00000
__Lbank8                                  bank8        00000
__Lbank9                                  bank9        00000
__Lbigram                                 bigram       00000
__LbssBANK0                               bssBANK0     00000
__LbssCOMMON                              bssCOMMON    00000
__Lcinit                                  cinit        00028
__Lclrtext                                clrtext      00000
__Lcode                                   code         00000
__Lcommon                                 common       00000
__Lconfig                                 config       00000
__LcstackBANK0                            cstackBANK0  00000
__LcstackCOMMON                           cstackCOMMON 00000
__LdataBANK0                              dataBANK0    00000
__Leeprom_data                            eeprom_data  00000
__Lend_init                               end_init     00026
__Lfunctab                                functab      00000
__Lheap                                   heap         00000
__LidataBANK0                             idataBANK0   00000
__Linit                                   init         00026
__Lintentry                               intentry     00004
__Lmaintext                               maintext     00000
__Lpowerup                                powerup      00000
__Lram                                    ram          00000
__Lreset_vec                              reset_vec    00000
__Lsfr0                                   sfr0         00000
__Lsfr1                                   sfr1         00000
__Lsfr10                                  sfr10        00000
__Lsfr11                                  sfr11        00000
__Lsfr12                                  sfr12        00000
__Lsfr13                                  sfr13        00000
__Lsfr14                                  sfr14        00000
__Lsfr15                                  sfr15        00000
__Lsfr16                                  sfr16        00000
__Lsfr17                                  sfr17        00000
__Lsfr18                                  sfr18        00000
__Lsfr19                                  sfr19        00000
__Lsfr2                                   sfr2         00000
__Lsfr20                                  sfr20        00000
__Lsfr21                                  sfr21        00000
__Lsfr22                                  sfr22        00000
__Lsfr23                                  sfr23        00000
__Lsfr24                                  sfr24        00000
__Lsfr25                                  sfr25        00000
__Lsfr26                                  sfr26        00000
__Lsfr27                                  sfr27        00000
__Lsfr28                                  sfr28        00000
__Lsfr29                                  sfr29        00000
__Lsfr3                                   sfr3         00000
__Lsfr30                                  sfr30        00000
__Lsfr31                                  sfr31        00000
__Lsfr4                                   sfr4         00000
__Lsfr5                                   sfr5         00000
__Lsfr6                                   sfr6         00000
__Lsfr7                                   sfr7         00000
__Lsfr8                                   sfr8         00000
__Lsfr9                                   sfr9         00000
__Lsivt                                   sivt         00026
__Lspace_0                                (abs)        00000
__Lspace_1                                (abs)        00000
__Lspace_2                                (abs)        00000
__Lspace_3                                (abs)        00000
__Lspace_4                                (abs)        00000
__Lstack                                  stack        00000
__Lstrings                                strings      00000
__Lstringtext1                            stringtext1  00000
__Lstringtext2                            stringtext2  00000
__Lstringtext3                            stringtext3  00000
__Lstringtext4                            stringtext4  00000
__Lstringtext5                            stringtext5  00000
__Lstringtext6                            stringtext6  00000
__Lstringtext7                            stringtext7  00000
__Lstringtext8                            stringtext8  00000
__Lstringtext9                            stringtext9  00000
__Ltext                                   text         00000
__S0                                      (abs)        003D0
__S1                                      (abs)        0007C
__S3                                      (abs)        00000
___heap_hi                                (abs)        00000
___heap_lo                                (abs)        00000
___int_sp                                 stack        00000
___int_stack_hi                           stack        00000
___int_stack_lo                           stack        00000
___latbits                                (abs)        00002
___sp                                     stack        00000
___stack_hi                               stack        00000
___stack_lo                               stack        00000
___stackhi                                (abs)        00000
___stacklo                                (abs)        00000
__end_of_BIT_7                            stringtext2  003C7
__end_of_BUF_LENGTH                       stringtext5  003CA
__end_of_CS                               stringtext1  001E2
__end_of_Clear_No_Call_Warning            text22       003CF
__end_of_DATA_LENGTH                      stringtext8  003CD
__end_of_DRL_OFF                          text19       003B3
__end_of_DRL_ON                           text18       003B0
__end_of_ECCP3_CallBack                   text47       000E0
__end_of_ECCP3_CaptureISR                 text46       00314
__end_of_ECCP3_Initialize                 text41       0036A
__end_of_FALLING_EDGE_TRIG                stringtext3  003C8
__end_of_FAN_OFF                          text17       003AD
__end_of_FAN_ON                           text16       003AA
__end_of_HIBEAM_OFF                       text15       003A7
__end_of_HIBEAM_ON                        text14       003A4
__end_of_INTERRUPT_InterruptManager       intentry     00026
__end_of_LED_control                      text9        0021E
__end_of_LIGHT_PID                        stringtext9  003CE
__end_of_LOBEAM_OFF                       text13       003A1
__end_of_LOBEAM_ON                        text12       0039E
__end_of_LOGIC_LEVEL                      stringtext7  003CC
__end_of_OSCILLATOR_Initialize            text40       00360
__end_of_PIN_MANAGER_IOC                  text34       003D0
__end_of_PIN_MANAGER_Initialize           text39       00274
__end_of_POS_OFF                          text11       0039B
__end_of_POS_ON                           text10       00398
__end_of_RISING_EDGE_TRIG                 stringtext4  003C9
__end_of_SYSTEM_Initialize                text35       0029F
__end_of_TMR0_10MS_Even                   text45       00305
__end_of_TMR0_CallBack                    text44       0033C
__end_of_TMR0_ISR                         text43       0028C
__end_of_TMR0_Initialize                  text38       0032F
__end_of_TMR0_ReadTimer                   text33       003C5
__end_of_TMR0_Reload                      text32       0038E
__end_of_TMR0_SetInterruptHandler         text21       0037F
__end_of_TMR0_WriteTimer                  text31       0038A
__end_of_TMR1_CheckGateValueStatus        text30       003C2
__end_of_TMR1_HasOverflowOccured          text29       003BF
__end_of_TMR1_Initialize                  text37       00354
__end_of_TMR1_ReadTimer                   text28       00385
__end_of_TMR1_Reload                      text26       00373
__end_of_TMR1_StartSinglePulseAcquisition text25       003BC
__end_of_TMR1_StartTimer                  text24       003B9
__end_of_TMR1_StopTimer                   text23       003B6
__end_of_TMR1_WriteTimer                  text27       002F6
__end_of_UART_LEVEL                       stringtext6  003CB
__end_of_WDT_Initialize                   text36       00392
__end_of__initialization                  cinit        0003A
__end_of_analysis_of_data                 text8        001A2
__end_of_check_lamp_off_even              text7        002E5
__end_of_check_unlock_even                text6        002D4
__end_of_main                             maintext     00322
__end_of_receiver_frame_data              text5        0014E
__end_of_sofaware_initialize              text20       00348
__end_of_to_do_lamp_off                   text4        002C3
__end_of_to_do_signal_timeout             text3        00395
__end_of_to_do_unlock                     text2        002B1
__end_of_tundra_main                      text1        00258
__initialization                          cinit        00028
__pbssBANK0                               bssBANK0     00020
__pbssCOMMON                              bssCOMMON    00070
__pcstackBANK0                            cstackBANK0  00044
__pcstackCOMMON                           cstackCOMMON 00076
__pdataBANK0                              dataBANK0    00048
__pidataBANK0                             idataBANK0   003C5
__pintentry                               intentry     00004
__pmaintext                               maintext     00314
__pstringtext1                            stringtext1  001A2
__pstringtext2                            stringtext2  003C6
__pstringtext3                            stringtext3  003C7
__pstringtext4                            stringtext4  003C8
__pstringtext5                            stringtext5  003C9
__pstringtext6                            stringtext6  003CA
__pstringtext7                            stringtext7  003CB
__pstringtext8                            stringtext8  003CC
__pstringtext9                            stringtext9  003CD
__ptext1                                  text1        0021E
__ptext10                                 text10       00395
__ptext11                                 text11       00398
__ptext12                                 text12       0039B
__ptext13                                 text13       0039E
__ptext14                                 text14       003A1
__ptext15                                 text15       003A4
__ptext16                                 text16       003A7
__ptext17                                 text17       003AA
__ptext18                                 text18       003AD
__ptext19                                 text19       003B0
__ptext2                                  text2        0029F
__ptext20                                 text20       0033C
__ptext21                                 text21       00379
__ptext22                                 text22       003CE
__ptext23                                 text23       003B3
__ptext24                                 text24       003B6
__ptext25                                 text25       003B9
__ptext26                                 text26       0036A
__ptext27                                 text27       002E5
__ptext28                                 text28       0037F
__ptext29                                 text29       003BC
__ptext3                                  text3        00392
__ptext30                                 text30       003BF
__ptext31                                 text31       00385
__ptext32                                 text32       0038A
__ptext33                                 text33       003C2
__ptext34                                 text34       003CF
__ptext35                                 text35       0028C
__ptext36                                 text36       0038E
__ptext37                                 text37       00348
__ptext38                                 text38       00322
__ptext39                                 text39       00258
__ptext4                                  text4        002B1
__ptext40                                 text40       00354
__ptext41                                 text41       00360
__ptext43                                 text43       00274
__ptext44                                 text44       0032F
__ptext45                                 text45       002F6
__ptext46                                 text46       00305
__ptext47                                 text47       0003E
__ptext5                                  text5        000E0
__ptext6                                  text6        002C3
__ptext7                                  text7        002D4
__ptext8                                  text8        0014E
__ptext9                                  text9        001E2
_analysis_of_data                         text8        0014E
_check_lamp_off_even                      text7        002D4
_check_unlock_even                        text6        002C3
_csFlag                                   bssCOMMON    00073
_eLamp_even                               bssBANK0     0003E
_fFrame_OK                                bssBANK0     00041
_fReceiver_Byte                           bssBANK0     00042
_main                                     maintext     00314
_receiver_frame_data                      text5        000E0
_rx_buf                                   bssBANK0     00020
_rx_data                                  bssCOMMON    00072
_sofaware_initialize                      text20       0033C
_timer0ReloadVal                          bssCOMMON    00075
_timer1ReloadVal                          bssBANK0     00037
_to_do_lamp_off                           text4        002B1
_to_do_signal_timeout                     text3        00392
_to_do_unlock                             text2        0029F
_tundra_main                              text1        0021E
analysis_of_data@crc8                     cstackBANK0  00044
analysis_of_data@temp_index               cstackBANK0  00045
btemp                                     (abs)        0007E
clear_ram0                                clrtext      00373
end_of_initialization                     cinit        0003A
int$flags                                 (abs)        0007E
intlevel0                                 functab      00000
intlevel1                                 functab      00000
intlevel2                                 functab      00000
intlevel3                                 functab      00000
intlevel4                                 functab      00000
intlevel5                                 functab      00000
receiver_frame_data@eReceiver_step        bssBANK0     0003D
reset_vec                                 reset_vec    00000
start                                     init         00026
start_initialization                      cinit        00028
wtemp0                                    (abs)        0007E


MODULE INFORMATION

Module		Function		Class		Link	Load	Size
tundra.c
		_Clear_No_Call_Warning		CODE           	03CE	0000	1
		_check_unlock_even		CODE           	02C3	0000	17
		_receiver_frame_data		CODE           	00E0	0000	110
		_LED_control   		CODE           	01E2	0000	60
		_tundra_main   		CODE           	021E	0000	58
		_analysis_of_data		CODE           	014E	0000	84
		_to_do_unlock  		CODE           	029F	0000	18
		_to_do_lamp_off		CODE           	02B1	0000	18
		_TMR0_10MS_Even		CODE           	02F6	0000	15
		_ECCP3_CallBack		CODE           	003E	0000	162
		_check_lamp_off_even		CODE           	02D4	0000	17
		_sofaware_initialize		CODE           	033C	0000	12
		_to_do_signal_timeout		CODE           	0392	0000	3

tundra.c estimated size: 575

mcc_generated_files/interrupt_manager.c
		_INTERRUPT_InterruptManager		CODE           	0004	0000	34

mcc_generated_files/interrupt_manager.c estimated size: 34

mcc_generated_files/tmr0.c
		_TMR0_SetInterruptHandler		CODE           	0379	0000	6
		_TMR0_Reload   		CODE           	038A	0000	4
		_TMR0_CallBack 		CODE           	032F	0000	13
		_TMR0_WriteTimer		CODE           	0385	0000	5
		_TMR0_ReadTimer		CODE           	03C2	0000	3
		_TMR0_ISR      		CODE           	0274	0000	24
		_TMR0_Initialize		CODE           	0322	0000	13

mcc_generated_files/tmr0.c estimated size: 68

mcc_generated_files/pin_manager.c
		_PIN_MANAGER_Initialize		CODE           	0258	0000	28
		_PIN_MANAGER_IOC		CODE           	03CF	0000	1

mcc_generated_files/pin_manager.c estimated size: 29

LED_output.c
		_FAN_ON        		CODE           	03A7	0000	3
		_POS_OFF       		CODE           	0398	0000	3
		_HIBEAM_ON     		CODE           	03A1	0000	3
		_HIBEAM_OFF    		CODE           	03A4	0000	3
		_LOBEAM_ON     		CODE           	039B	0000	3
		_LOBEAM_OFF    		CODE           	039E	0000	3
		_DRL_ON        		CODE           	03AD	0000	3
		_FAN_OFF       		CODE           	03AA	0000	3
		_POS_ON        		CODE           	0395	0000	3
		_DRL_OFF       		CODE           	03B0	0000	3

LED_output.c estimated size: 30

shared
		_UART_LEVEL    		STRCODE        	0000	0000	0
		_BUF_LENGTH    		STRCODE        	0000	0000	0
		_RISING_EDGE_TRIG		STRCODE        	0000	0000	0
		_DATA_LENGTH   		STRCODE        	0000	0000	0
		_LOGIC_LEVEL   		STRCODE        	0000	0000	0
		__initialization		CODE           	0028	0000	18
		_CS            		STRCODE        	01A2	0000	64
		_BIT_7         		STRCODE        	0000	0000	0
		_FALLING_EDGE_TRIG		STRCODE        	0000	0000	0
		_LIGHT_PID     		STRCODE        	0000	0000	0

shared estimated size: 82

mcc_generated_files/mcc.c
		_WDT_Initialize		CODE           	038E	0000	4
		_OSCILLATOR_Initialize		CODE           	0354	0000	12
		_SYSTEM_Initialize		CODE           	028C	0000	19

mcc_generated_files/mcc.c estimated size: 35

mcc_generated_files/tmr1.c
		_TMR1_Initialize		CODE           	0348	0000	12
		_TMR1_StartSinglePulseAcquisition		CODE           	03B9	0000	3
		_TMR1_StopTimer		CODE           	03B3	0000	3
		_TMR1_Reload   		CODE           	036A	0000	9
		_TMR1_CheckGateValueStatus		CODE           	03BF	0000	3
		_TMR1_WriteTimer		CODE           	02E5	0000	17
		_TMR1_StartTimer		CODE           	03B6	0000	3
		_TMR1_ReadTimer		CODE           	037F	0000	6
		_TMR1_HasOverflowOccured		CODE           	03BC	0000	3

mcc_generated_files/tmr1.c estimated size: 59

main.c
		_main          		CODE           	0314	0000	14

main.c estimated size: 14

mcc_generated_files/eccp3.c
		_ECCP3_CaptureISR		CODE           	0305	0000	15
		_ECCP3_Initialize		CODE           	0360	0000	10

mcc_generated_files/eccp3.c estimated size: 25

