Microchip MPLAB XC8 Compiler V2.46

Linker command line:

-W-3 \
  --edf=C:\Program Files\Microchip\xc8\v2.46\pic\dat\20240104201356_en.msgs \
  -cn -h+dist/default/production\TY1500_U2_V07.X.production.sym \
  --cmf=dist/default/production\TY1500_U2_V07.X.production.cmf -z -Q16F1936 \
  -oC:\Users\t00904\AppData\Local\Temp\xcAs3cg.\driver_tmp_3.o \
  --defsym=__MPLAB_BUILD=1 --fixupoverflow=error \
  -Mdist/default/production/TY1500_U2_V07.X.production.map \
  --md=C:\Users\t00904\AppData\Local\Temp\xcAs3cg.\driver_tmp_0.dat -E1 \
  -ver=XC8 Compiler --acfsm=1493 -ACODE=00h-07FFhx4 -ASTRCODE=00h-01FFFh \
  -ASTRING=00h-0FFhx32 -ACONST=00h-0FFhx32 -AENTRY=00h-0FFhx32 \
  -ACOMMON=070h-07Fh -ABANK0=020h-06Fh -ABANK1=0A0h-0EFh \
  -ABANK2=0120h-016Fh -ABANK3=01A0h-01EFh -ABANK4=0220h-026Fh \
  -ABANK5=02A0h-02EFh -ABANK6=0320h-032Fh -ABIGRAM=02000h-021EFh \
  -ARAM=020h-06Fh,0A0h-0EFh,0120h-016Fh,01A0h-01EFh,0220h-026Fh,02A0h-02EFh,0320h-032Fh \
  -AABS1=020h-07Fh,0A0h-0EFh,0120h-016Fh,01A0h-01EFh,0220h-026Fh,02A0h-02EFh,0320h-032Fh \
  -ASFR0=00h-01Fh -ASFR1=080h-09Fh -ASFR2=0100h-011Fh -ASFR3=0180h-019Fh \
  -ASFR4=0200h-021Fh -ASFR5=0280h-029Fh -ASFR6=0300h-031Fh \
  -ASFR7=0380h-03EFh -ASFR8=0400h-046Fh -ASFR9=0480h-04EFh \
  -ASFR10=0500h-056Fh -ASFR11=0580h-05EFh -ASFR12=0600h-066Fh \
  -ASFR13=0680h-06EFh -ASFR14=0700h-076Fh -ASFR15=0780h-07EFh \
  -ASFR16=0800h-086Fh -ASFR17=0880h-08EFh -ASFR18=0900h-096Fh \
  -ASFR19=0980h-09EFh -ASFR20=0A00h-0A6Fh -ASFR21=0A80h-0AEFh \
  -ASFR22=0B00h-0B6Fh -ASFR23=0B80h-0BEFh -ASFR24=0C00h-0C6Fh \
  -ASFR25=0C80h-0CEFh -ASFR26=0D00h-0D6Fh -ASFR27=0D80h-0DEFh \
  -ASFR28=0E00h-0E6Fh -ASFR29=0E80h-0EEFh -ASFR30=0F00h-0F6Fh \
  -ASFR31=0F80h-0FEFh -ACONFIG=08007h-08008h -DCONFIG=2 \
  -AIDLOC=08000h-08003h -DIDLOC=2 -AEEDATA=00h-0FFh/0F000h \
  -peeprom_data=EEDATA -DEEDATA=2 -DCODE=2 -DSTRCODE=2 -DSTRING=2 -DCONST=2 \
  -DENTRY=2 -preset_vec=00h,intentry=04h,sivt,init,end_init -ppowerup=CODE \
  -pcinit=CODE -pfunctab=ENTRY -k \
  C:\Users\t00904\AppData\Local\Temp\xcAs3cg.\driver_tmp_15.o \
  dist/default/production\TY1500_U2_V07.X.production.o 

Object code version is 3.11

Machine type is 16F1936



                Name                               Link     Load   Length Selector   Space Scale
C:\Users\t00904\AppData\Local\Temp\xcAs3cg.\driver_tmp_15.o
                end_init                             26       26        2        8       0
                reset_vec                             0        0        2        0       0
                config                             8007     8007        2        0       4
dist/default/production\TY1500_U2_V07.X.production.o
                cinit                                28       28       17        8       0
                intentry                              4        4       22        8       0
                config                             8007     8007        2        0       4
                text47                               3F       3F       91        8       0
                text46                              2FA      2FA        F      426       0
                text45                              2EB      2EB        F      426       0
                text44                              324      324        D      426       0
                text43                              269      269       18      426       0
                text41                              355      355        A      426       0
                text40                              349      349        C      426       0
                text39                              24D      24D       1C      426       0
                text38                              317      317        D      426       0
                text37                              33D      33D        C      426       0
                text36                              383      383        4      426       0
                text35                              281      281       13      426       0
                text34                              3C4      3C4        1      786       0
                text33                              3B7      3B7        3      426       0
                text32                              37F      37F        4      426       0
                text31                              37A      37A        5      426       0
                text30                              3B4      3B4        3      426       0
                text29                              3B1      3B1        3      426       0
                text28                              374      374        6      426       0
                text27                              2DA      2DA       11      426       0
                text26                              35F      35F        9      426       0
                text25                              3AE      3AE        3      426       0
                text24                              3AB      3AB        3      426       0
                text23                              3A8      3A8        3      426       0
                text22                              3C3      3C3        1      786       0
                text21                              36E      36E        6      426       0
                text20                              331      331        C      426       0
                text19                              3A5      3A5        3      426       0
                text18                              3A2      3A2        3      426       0
                text17                              39F      39F        3      426       0
                text16                              39C      39C        3      426       0
                text15                              399      399        3      426       0
                text14                              396      396        3      426       0
                text13                              393      393        3      426       0
                text12                              390      390        3      426       0
                text11                              38D      38D        3      426       0
                text10                              38A      38A        3      426       0
                text9                               192      192       41        8       0
                text8                               13E      13E       54        8       0
                text7                               2C9      2C9       11      426       0
                text6                               2B8      2B8       11      426       0
                text5                                D0       D0       6E        8       0
                text4                               2A6      2A6       12      426       0
                text3                               387      387        3      426       0
                text2                               294      294       12      426       0
                text1                               213      213       3A      426       0
                maintext                            309      309        E      426       0
                cstackBANK0                          43       43        4       20       1
                cstackCOMMON                         77       77        7       70       1
                clrtext                             368      368        6      426       0
                dataBANK0                            47       47        1       20       1
                bssBANK0                             20       20       23       20       1
                bssCOMMON                            70       70        7       70       1
                stringtext9                         3C2      3C2        1      776       0
                stringtext8                         3C1      3C1        1      776       0
                stringtext7                         3C0      3C0        1      776       0
                stringtext6                         3BF      3BF        1      776       0
                stringtext5                         3BE      3BE        1      776       0
                stringtext4                         3BD      3BD        1      776       0
                stringtext3                         3BC      3BC        1      776       0
                stringtext2                         3BB      3BB        1      776       0
                stringtext1                         1D3      1D3       40      3A6       0
                idataBANK0                          3BA      3BA        1      426       0

TOTAL           Name                               Link     Load   Length     Space
        CLASS   CODE           
                end_init                             26       26        2         0
                cinit                                28       28       17         0
                intentry                              4        4       22         0
                reset_vec                             0        0        2         0
                text47                               3F       3F       91         0
                text46                              2FA      2FA        F         0
                text45                              2EB      2EB        F         0
                text44                              324      324        D         0
                text43                              269      269       18         0
                text41                              355      355        A         0
                text40                              349      349        C         0
                text39                              24D      24D       1C         0
                text38                              317      317        D         0
                text37                              33D      33D        C         0
                text36                              383      383        4         0
                text35                              281      281       13         0
                text34                              3C4      3C4        1         0
                text33                              3B7      3B7        3         0
                text32                              37F      37F        4         0
                text31                              37A      37A        5         0
                text30                              3B4      3B4        3         0
                text29                              3B1      3B1        3         0
                text28                              374      374        6         0
                text27                              2DA      2DA       11         0
                text26                              35F      35F        9         0
                text25                              3AE      3AE        3         0
                text24                              3AB      3AB        3         0
                text23                              3A8      3A8        3         0
                text22                              3C3      3C3        1         0
                text21                              36E      36E        6         0
                text20                              331      331        C         0
                text19                              3A5      3A5        3         0
                text18                              3A2      3A2        3         0
                text17                              39F      39F        3         0
                text16                              39C      39C        3         0
                text15                              399      399        3         0
                text14                              396      396        3         0
                text13                              393      393        3         0
                text12                              390      390        3         0
                text11                              38D      38D        3         0
                text10                              38A      38A        3         0
                text9                               192      192       41         0
                text8                               13E      13E       54         0
                text7                               2C9      2C9       11         0
                text6                               2B8      2B8       11         0
                text5                                D0       D0       6E         0
                text4                               2A6      2A6       12         0
                text3                               387      387        3         0
                text2                               294      294       12         0
                text1                               213      213       3A         0
                maintext                            309      309        E         0
                clrtext                             368      368        6         0
                idataBANK0                          3BA      3BA        1         0

        CLASS   STRCODE        
                stringtext9                         3C2      3C2        1         0
                stringtext8                         3C1      3C1        1         0
                stringtext7                         3C0      3C0        1         0
                stringtext6                         3BF      3BF        1         0
                stringtext5                         3BE      3BE        1         0
                stringtext4                         3BD      3BD        1         0
                stringtext3                         3BC      3BC        1         0
                stringtext2                         3BB      3BB        1         0
                stringtext1                         1D3      1D3       40         0

        CLASS   STRING         

        CLASS   CONST          

        CLASS   ENTRY          

        CLASS   COMMON         
                cstackCOMMON                         77       77        7         1
                bssCOMMON                            70       70        7         1

        CLASS   BANK0          
                cstackBANK0                          43       43        4         1
                dataBANK0                            47       47        1         1
                bssBANK0                             20       20       23         1

        CLASS   BANK1          

        CLASS   BANK2          

        CLASS   BANK3          

        CLASS   BANK4          

        CLASS   BANK5          

        CLASS   BANK6          

        CLASS   BIGRAM         

        CLASS   RAM            

        CLASS   ABS1           
                abs_s1                               7E       7E        2         1

        CLASS   SFR0           

        CLASS   SFR1           

        CLASS   SFR2           

        CLASS   SFR3           

        CLASS   SFR4           

        CLASS   SFR5           

        CLASS   SFR6           

        CLASS   SFR7           

        CLASS   SFR8           

        CLASS   SFR9           

        CLASS   SFR10          

        CLASS   SFR11          

        CLASS   SFR12          

        CLASS   SFR13          

        CLASS   SFR14          

        CLASS   SFR15          

        CLASS   SFR16          

        CLASS   SFR17          

        CLASS   SFR18          

        CLASS   SFR19          

        CLASS   SFR20          

        CLASS   SFR21          

        CLASS   SFR22          

        CLASS   SFR23          

        CLASS   SFR24          

        CLASS   SFR25          

        CLASS   SFR26          

        CLASS   SFR27          

        CLASS   SFR28          

        CLASS   SFR29          

        CLASS   SFR30          

        CLASS   SFR31          

        CLASS   CONFIG         
                config                             8007     8007        2         4

        CLASS   IDLOC          

        CLASS   EEDATA         

        CLASS   BANK31         

        CLASS   BANK30         

        CLASS   BANK29         

        CLASS   BANK28         

        CLASS   BANK27         

        CLASS   BANK26         

        CLASS   BANK25         

        CLASS   BANK24         

        CLASS   BANK23         

        CLASS   BANK22         

        CLASS   BANK21         

        CLASS   BANK20         

        CLASS   BANK19         

        CLASS   BANK18         

        CLASS   BANK17         

        CLASS   BANK16         

        CLASS   BANK15         

        CLASS   BANK14         

        CLASS   BANK13         

        CLASS   BANK12         

        CLASS   BANK11         

        CLASS   BANK10         

        CLASS   BANK9          

        CLASS   BANK8          

        CLASS   BANK7          

        CLASS   HEAP           

        CLASS   STACK          



SEGMENTS        Name                           Load    Length   Top    Selector   Space  Class     Delta

                reset_vec                      000000  000002  000002         0       0  CODE        2
                intentry                       000004  0001CF  0001D3         8       0  CODE        2
                bssBANK0                       000020  000028  000048        20       1  BANK0       1
                bssCOMMON                      000070  00000E  00007E        70       1  COMMON      1
                stringtext1                    0001D3  000040  000213       3A6       0  STRCODE     2
                text1                          000213  0001A8  0003BB       426       0  CODE        2
                stringtext2                    0003BB  000008  0003C3       776       0  STRCODE     2
                text22                         0003C3  000002  0003C5       786       0  CODE        2


UNUSED ADDRESS RANGES

        Name                Unused          Largest block    Delta
        BANK0            00048-0006F              28           1
        BANK1            000A0-000EF              50           1
        BANK2            00120-0016F              50           1
        BANK3            001A0-001EF              50           1
        BANK4            00220-0026F              50           1
        BANK5            002A0-002EF              50           1
        BANK6            00320-0032F              10           1
        BIGRAM           02000-021EF             1F0           1
        CODE             00002-00003               2           2
                         003C5-01FFF             800
        CONST            00002-00003               2           2
                         003C5-01FFF             100
        EEDATA           0F000-0F0FF             100           2
        ENTRY            00002-00003               2           2
                         003C5-01FFF             100
        IDLOC            08000-08003               4           2
        RAM              00048-0006F              28           1
                         000A0-000EF              50
                         00120-0016F              50
                         001A0-001EF              50
                         00220-0026F              50
                         002A0-002EF              50
                         00320-0032F              10
        SFR0             00000-0001F              20           1
        SFR1             00080-0009F              20           1
        SFR10            00500-0056F              70           1
        SFR11            00580-005EF              70           1
        SFR12            00600-0066F              70           1
        SFR13            00680-006EF              70           1
        SFR14            00700-0076F              70           1
        SFR15            00780-007EF              70           1
        SFR16            00800-0086F              70           1
        SFR17            00880-008EF              70           1
        SFR18            00900-0096F              70           1
        SFR19            00980-009EF              70           1
        SFR2             00100-0011F              20           1
        SFR20            00A00-00A6F              70           1
        SFR21            00A80-00AEF              70           1
        SFR22            00B00-00B6F              70           1
        SFR23            00B80-00BEF              70           1
        SFR24            00C00-00C6F              70           1
        SFR25            00C80-00CEF              70           1
        SFR26            00D00-00D6F              70           1
        SFR27            00D80-00DEF              70           1
        SFR28            00E00-00E6F              70           1
        SFR29            00E80-00EEF              70           1
        SFR3             00180-0019F              20           1
        SFR30            00F00-00F6F              70           1
        SFR31            00F80-00FEF              70           1
        SFR4             00200-0021F              20           1
        SFR5             00280-0029F              20           1
        SFR6             00300-0031F              20           1
        SFR7             00380-003EF              70           1
        SFR8             00400-0046F              70           1
        SFR9             00480-004EF              70           1
        STRCODE          00002-00003               2           2
                         003C5-01FFF            1C3B
        STRING           00002-00003               2           2
                         003C5-01FFF             100

                                  Symbol Table

ECCP3_CallBack@bit_cnt                    bssCOMMON    00074
ECCP3_CallBack@capturedValue              cstackCOMMON 00077
ECCP3_CallBack@fRise_edge                 bssBANK0     00036
ECCP3_CallBack@fStart_bit                 bssBANK0     00035
ECCP3_CallBack@fUART_TX                   cstackCOMMON 0007B
ECCP3_CallBack@falling_edge_time          bssCOMMON    00072
ECCP3_CallBack@negative_pulse_width       bssBANK0     0002D
ECCP3_CallBack@negative_pulse_width_us    bssBANK0     00038
ECCP3_CallBack@positive_pulse_width       bssBANK0     0002B
ECCP3_CallBack@positive_pulse_width_us    bssBANK0     00039
ECCP3_CallBack@rising_edge_time           bssCOMMON    00070
ECCP3_CaptureISR@module                   cstackCOMMON 0007C
TMR0_ISR@CountCallBack                    bssBANK0     0002F
TMR0_SetInterruptHandler@InterruptHandler cstackBANK0  00043
TMR0_WriteTimer@timerVal                  cstackBANK0  00043
TMR1_ReadTimer@readValHigh                cstackBANK0  00043
TMR1_ReadTimer@readValLow                 cstackBANK0  00044
TMR1_WriteTimer@timerVal                  cstackBANK0  00043
_ANSELA                                   (abs)        0018C
_ANSELB                                   (abs)        0018D
_APFCON                                   (abs)        0011D
_BORCON                                   (abs)        00116
_CCP3CON                                  (abs)        00313
_CCPR3H                                   (abs)        00312
_CCPR3L                                   (abs)        00311
_CS                                       stringtext1  001D3
_Clear_No_Call_Warning                    text22       003C3
_Communication_timer                      bssBANK0     0003D
_D2                                       bssBANK0     00042
_D3                                       bssBANK0     00041
_DRL_OFF                                  text19       003A5
_DRL_ON                                   text18       003A2
_ECCP3_CallBack                           text47       0003F
_ECCP3_CaptureISR                         text46       002FA
_ECCP3_Initialize                         text41       00355
_FAN_OFF                                  text17       0039F
_FAN_ON                                   text16       0039C
_HIBEAM_OFF                               text15       00399
_HIBEAM_ON                                text14       00396
_INTCONbits                               (abs)        0000B
_INTERRUPT_InterruptManager               intentry     00004
_LATA                                     (abs)        0010C
_LATAbits                                 (abs)        0010C
_LATB                                     (abs)        0010D
_LATBbits                                 (abs)        0010D
_LATC                                     (abs)        0010E
_LATE                                     (abs)        00110
_LED_control                              text9        00192
_LOBEAM_OFF                               text13       00393
_LOBEAM_ON                                text12       00390
_OPTION_REG                               (abs)        00095
_OPTION_REGbits                           (abs)        00095
_OSCCON                                   (abs)        00099
_OSCILLATOR_Initialize                    text40       00349
_OSCTUNE                                  (abs)        00098
_PIE3bits                                 (abs)        00093
_PIN_MANAGER_IOC                          text34       003C4
_PIN_MANAGER_Initialize                   text39       0024D
_PIR1bits                                 (abs)        00011
_PIR3bits                                 (abs)        00013
_PLLR                                     (abs)        004D6
_POS_OFF                                  text11       0038D
_POS_ON                                   text10       0038A
_SYSTEM_Initialize                        text35       00281
_T1CON                                    (abs)        00018
_T1CONbits                                (abs)        00018
_T1GCON                                   (abs)        00019
_T1GCONbits                               (abs)        00019
_TMR0                                     (abs)        00015
_TMR0_10MS_Even                           text45       002EB
_TMR0_CallBack                            text44       00324
_TMR0_ISR                                 text43       00269
_TMR0_Initialize                          text38       00317
_TMR0_InterruptHandler                    bssBANK0     00031
_TMR0_ReadTimer                           text33       003B7
_TMR0_Reload                              text32       0037F
_TMR0_SetInterruptHandler                 text21       0036E
_TMR0_WriteTimer                          text31       0037A
_TMR1H                                    (abs)        00017
_TMR1L                                    (abs)        00016
_TMR1_CheckGateValueStatus                text30       003B4
_TMR1_HasOverflowOccured                  text29       003B1
_TMR1_Initialize                          text37       0033D
_TMR1_ReadTimer                           text28       00374
_TMR1_Reload                              text26       0035F
_TMR1_StartSinglePulseAcquisition         text25       003AE
_TMR1_StartTimer                          text24       003AB
_TMR1_StopTimer                           text23       003A8
_TMR1_WriteTimer                          text27       002DA
_TRISA                                    (abs)        0008C
_TRISB                                    (abs)        0008D
_TRISC                                    (abs)        0008E
_TRISE                                    (abs)        00090
_WDTCON                                   (abs)        00097
_WDT_Initialize                           text36       00383
_WPUB                                     (abs)        0020D
_WPUE                                     (abs)        00210
__H__absolute__                           __absolute__ 00000
__Habs1                                   abs1         00000
__Hbank0                                  bank0        00000
__Hbank1                                  bank1        00000
__Hbank10                                 bank10       00000
__Hbank11                                 bank11       00000
__Hbank12                                 bank12       00000
__Hbank13                                 bank13       00000
__Hbank14                                 bank14       00000
__Hbank15                                 bank15       00000
__Hbank16                                 bank16       00000
__Hbank17                                 bank17       00000
__Hbank18                                 bank18       00000
__Hbank19                                 bank19       00000
__Hbank2                                  bank2        00000
__Hbank20                                 bank20       00000
__Hbank21                                 bank21       00000
__Hbank22                                 bank22       00000
__Hbank23                                 bank23       00000
__Hbank24                                 bank24       00000
__Hbank25                                 bank25       00000
__Hbank26                                 bank26       00000
__Hbank27                                 bank27       00000
__Hbank28                                 bank28       00000
__Hbank29                                 bank29       00000
__Hbank3                                  bank3        00000
__Hbank30                                 bank30       00000
__Hbank31                                 bank31       00000
__Hbank4                                  bank4        00000
__Hbank5                                  bank5        00000
__Hbank6                                  bank6        00000
__Hbank7                                  bank7        00000
__Hbank8                                  bank8        00000
__Hbank9                                  bank9        00000
__Hbigram                                 bigram       00000
__HbssBANK0                               bssBANK0     00000
__HbssCOMMON                              bssCOMMON    00000
__Hcinit                                  cinit        0003F
__Hclrtext                                clrtext      00000
__Hcode                                   code         00000
__Hcommon                                 common       00000
__Hconfig                                 config       08009
__HcstackBANK0                            cstackBANK0  00000
__HcstackCOMMON                           cstackCOMMON 00000
__HdataBANK0                              dataBANK0    00000
__Heeprom_data                            eeprom_data  00000
__Hend_init                               end_init     00028
__Hfunctab                                functab      00000
__Hheap                                   heap         00000
__HidataBANK0                             idataBANK0   00000
__Hinit                                   init         00026
__Hintentry                               intentry     00026
__Hmaintext                               maintext     00000
__Hpowerup                                powerup      00000
__Hram                                    ram          00000
__Hreset_vec                              reset_vec    00002
__Hsfr0                                   sfr0         00000
__Hsfr1                                   sfr1         00000
__Hsfr10                                  sfr10        00000
__Hsfr11                                  sfr11        00000
__Hsfr12                                  sfr12        00000
__Hsfr13                                  sfr13        00000
__Hsfr14                                  sfr14        00000
__Hsfr15                                  sfr15        00000
__Hsfr16                                  sfr16        00000
__Hsfr17                                  sfr17        00000
__Hsfr18                                  sfr18        00000
__Hsfr19                                  sfr19        00000
__Hsfr2                                   sfr2         00000
__Hsfr20                                  sfr20        00000
__Hsfr21                                  sfr21        00000
__Hsfr22                                  sfr22        00000
__Hsfr23                                  sfr23        00000
__Hsfr24                                  sfr24        00000
__Hsfr25                                  sfr25        00000
__Hsfr26                                  sfr26        00000
__Hsfr27                                  sfr27        00000
__Hsfr28                                  sfr28        00000
__Hsfr29                                  sfr29        00000
__Hsfr3                                   sfr3         00000
__Hsfr30                                  sfr30        00000
__Hsfr31                                  sfr31        00000
__Hsfr4                                   sfr4         00000
__Hsfr5                                   sfr5         00000
__Hsfr6                                   sfr6         00000
__Hsfr7                                   sfr7         00000
__Hsfr8                                   sfr8         00000
__Hsfr9                                   sfr9         00000
__Hsivt                                   sivt         00026
__Hspace_0                                (abs)        003C5
__Hspace_1                                (abs)        0007E
__Hspace_2                                (abs)        00000
__Hspace_3                                (abs)        00000
__Hspace_4                                (abs)        10010
__Hstack                                  stack        00000
__Hstrings                                strings      00000
__Hstringtext1                            stringtext1  00000
__Hstringtext2                            stringtext2  00000
__Hstringtext3                            stringtext3  00000
__Hstringtext4                            stringtext4  00000
__Hstringtext5                            stringtext5  00000
__Hstringtext6                            stringtext6  00000
__Hstringtext7                            stringtext7  00000
__Hstringtext8                            stringtext8  00000
__Hstringtext9                            stringtext9  00000
__Htext                                   text         00000
__L__absolute__                           __absolute__ 00000
__Labs1                                   abs1         00000
__Lbank0                                  bank0        00000
__Lbank1                                  bank1        00000
__Lbank10                                 bank10       00000
__Lbank11                                 bank11       00000
__Lbank12                                 bank12       00000
__Lbank13                                 bank13       00000
__Lbank14                                 bank14       00000
__Lbank15                                 bank15       00000
__Lbank16                                 bank16       00000
__Lbank17                                 bank17       00000
__Lbank18                                 bank18       00000
__Lbank19                                 bank19       00000
__Lbank2                                  bank2        00000
__Lbank20                                 bank20       00000
__Lbank21                                 bank21       00000
__Lbank22                                 bank22       00000
__Lbank23                                 bank23       00000
__Lbank24                                 bank24       00000
__Lbank25                                 bank25       00000
__Lbank26                                 bank26       00000
__Lbank27                                 bank27       00000
__Lbank28                                 bank28       00000
__Lbank29                                 bank29       00000
__Lbank3                                  bank3        00000
__Lbank30                                 bank30       00000
__Lbank31                                 bank31       00000
__Lbank4                                  bank4        00000
__Lbank5                                  bank5        00000
__Lbank6                                  bank6        00000
__Lbank7                                  bank7        00000
__Lbank8                                  bank8        00000
__Lbank9                                  bank9        00000
__Lbigram                                 bigram       00000
__LbssBANK0                               bssBANK0     00000
__LbssCOMMON                              bssCOMMON    00000
__Lcinit                                  cinit        00028
__Lclrtext                                clrtext      00000
__Lcode                                   code         00000
__Lcommon                                 common       00000
__Lconfig                                 config       00000
__LcstackBANK0                            cstackBANK0  00000
__LcstackCOMMON                           cstackCOMMON 00000
__LdataBANK0                              dataBANK0    00000
__Leeprom_data                            eeprom_data  00000
__Lend_init                               end_init     00026
__Lfunctab                                functab      00000
__Lheap                                   heap         00000
__LidataBANK0                             idataBANK0   00000
__Linit                                   init         00026
__Lintentry                               intentry     00004
__Lmaintext                               maintext     00000
__Lpowerup                                powerup      00000
__Lram                                    ram          00000
__Lreset_vec                              reset_vec    00000
__Lsfr0                                   sfr0         00000
__Lsfr1                                   sfr1         00000
__Lsfr10                                  sfr10        00000
__Lsfr11                                  sfr11        00000
__Lsfr12                                  sfr12        00000
__Lsfr13                                  sfr13        00000
__Lsfr14                                  sfr14        00000
__Lsfr15                                  sfr15        00000
__Lsfr16                                  sfr16        00000
__Lsfr17                                  sfr17        00000
__Lsfr18                                  sfr18        00000
__Lsfr19                                  sfr19        00000
__Lsfr2                                   sfr2         00000
__Lsfr20                                  sfr20        00000
__Lsfr21                                  sfr21        00000
__Lsfr22                                  sfr22        00000
__Lsfr23                                  sfr23        00000
__Lsfr24                                  sfr24        00000
__Lsfr25                                  sfr25        00000
__Lsfr26                                  sfr26        00000
__Lsfr27                                  sfr27        00000
__Lsfr28                                  sfr28        00000
__Lsfr29                                  sfr29        00000
__Lsfr3                                   sfr3         00000
__Lsfr30                                  sfr30        00000
__Lsfr31                                  sfr31        00000
__Lsfr4                                   sfr4         00000
__Lsfr5                                   sfr5         00000
__Lsfr6                                   sfr6         00000
__Lsfr7                                   sfr7         00000
__Lsfr8                                   sfr8         00000
__Lsfr9                                   sfr9         00000
__Lsivt                                   sivt         00026
__Lspace_0                                (abs)        00000
__Lspace_1                                (abs)        00000
__Lspace_2                                (abs)        00000
__Lspace_3                                (abs)        00000
__Lspace_4                                (abs)        00000
__Lstack                                  stack        00000
__Lstrings                                strings      00000
__Lstringtext1                            stringtext1  00000
__Lstringtext2                            stringtext2  00000
__Lstringtext3                            stringtext3  00000
__Lstringtext4                            stringtext4  00000
__Lstringtext5                            stringtext5  00000
__Lstringtext6                            stringtext6  00000
__Lstringtext7                            stringtext7  00000
__Lstringtext8                            stringtext8  00000
__Lstringtext9                            stringtext9  00000
__Ltext                                   text         00000
__S0                                      (abs)        003C5
__S1                                      (abs)        0007E
__S3                                      (abs)        00000
___heap_hi                                (abs)        00000
___heap_lo                                (abs)        00000
___int_sp                                 stack        00000
___int_stack_hi                           stack        00000
___int_stack_lo                           stack        00000
___latbits                                (abs)        00002
___sp                                     stack        00000
___stack_hi                               stack        00000
___stack_lo                               stack        00000
___stackhi                                (abs)        00000
___stacklo                                (abs)        00000
__end_of_BIT_7                            stringtext2  003BC
__end_of_BUF_LENGTH                       stringtext5  003BF
__end_of_CS                               stringtext1  00213
__end_of_Clear_No_Call_Warning            text22       003C4
__end_of_DATA_LENGTH                      stringtext8  003C2
__end_of_DRL_OFF                          text19       003A8
__end_of_DRL_ON                           text18       003A5
__end_of_ECCP3_CallBack                   text47       000D0
__end_of_ECCP3_CaptureISR                 text46       00309
__end_of_ECCP3_Initialize                 text41       0035F
__end_of_FALLING_EDGE_TRIG                stringtext3  003BD
__end_of_FAN_OFF                          text17       003A2
__end_of_FAN_ON                           text16       0039F
__end_of_HIBEAM_OFF                       text15       0039C
__end_of_HIBEAM_ON                        text14       00399
__end_of_INTERRUPT_InterruptManager       intentry     00026
__end_of_LED_control                      text9        001D3
__end_of_LIGHT_PID                        stringtext9  003C3
__end_of_LOBEAM_OFF                       text13       00396
__end_of_LOBEAM_ON                        text12       00393
__end_of_LOGIC_LEVEL                      stringtext7  003C1
__end_of_OSCILLATOR_Initialize            text40       00355
__end_of_PIN_MANAGER_IOC                  text34       003C5
__end_of_PIN_MANAGER_Initialize           text39       00269
__end_of_POS_OFF                          text11       00390
__end_of_POS_ON                           text10       0038D
__end_of_RISING_EDGE_TRIG                 stringtext4  003BE
__end_of_SYSTEM_Initialize                text35       00294
__end_of_TMR0_10MS_Even                   text45       002FA
__end_of_TMR0_CallBack                    text44       00331
__end_of_TMR0_ISR                         text43       00281
__end_of_TMR0_Initialize                  text38       00324
__end_of_TMR0_ReadTimer                   text33       003BA
__end_of_TMR0_Reload                      text32       00383
__end_of_TMR0_SetInterruptHandler         text21       00374
__end_of_TMR0_WriteTimer                  text31       0037F
__end_of_TMR1_CheckGateValueStatus        text30       003B7
__end_of_TMR1_HasOverflowOccured          text29       003B4
__end_of_TMR1_Initialize                  text37       00349
__end_of_TMR1_ReadTimer                   text28       0037A
__end_of_TMR1_Reload                      text26       00368
__end_of_TMR1_StartSinglePulseAcquisition text25       003B1
__end_of_TMR1_StartTimer                  text24       003AE
__end_of_TMR1_StopTimer                   text23       003AB
__end_of_TMR1_WriteTimer                  text27       002EB
__end_of_UART_LEVEL                       stringtext6  003C0
__end_of_WDT_Initialize                   text36       00387
__end_of__initialization                  cinit        0003B
__end_of_analysis_of_data                 text8        00192
__end_of_check_lamp_off_even              text7        002DA
__end_of_check_unlock_even                text6        002C9
__end_of_main                             maintext     00317
__end_of_receiver_frame_data              text5        0013E
__end_of_sofaware_initialize              text20       0033D
__end_of_to_do_lamp_off                   text4        002B8
__end_of_to_do_signal_timeout             text3        0038A
__end_of_to_do_unlock                     text2        002A6
__end_of_tundra_main                      text1        0024D
__initialization                          cinit        00028
__pbssBANK0                               bssBANK0     00020
__pbssCOMMON                              bssCOMMON    00070
__pcstackBANK0                            cstackBANK0  00043
__pcstackCOMMON                           cstackCOMMON 00077
__pdataBANK0                              dataBANK0    00047
__pidataBANK0                             idataBANK0   003BA
__pintentry                               intentry     00004
__pmaintext                               maintext     00309
__pstringtext1                            stringtext1  001D3
__pstringtext2                            stringtext2  003BB
__pstringtext3                            stringtext3  003BC
__pstringtext4                            stringtext4  003BD
__pstringtext5                            stringtext5  003BE
__pstringtext6                            stringtext6  003BF
__pstringtext7                            stringtext7  003C0
__pstringtext8                            stringtext8  003C1
__pstringtext9                            stringtext9  003C2
__ptext1                                  text1        00213
__ptext10                                 text10       0038A
__ptext11                                 text11       0038D
__ptext12                                 text12       00390
__ptext13                                 text13       00393
__ptext14                                 text14       00396
__ptext15                                 text15       00399
__ptext16                                 text16       0039C
__ptext17                                 text17       0039F
__ptext18                                 text18       003A2
__ptext19                                 text19       003A5
__ptext2                                  text2        00294
__ptext20                                 text20       00331
__ptext21                                 text21       0036E
__ptext22                                 text22       003C3
__ptext23                                 text23       003A8
__ptext24                                 text24       003AB
__ptext25                                 text25       003AE
__ptext26                                 text26       0035F
__ptext27                                 text27       002DA
__ptext28                                 text28       00374
__ptext29                                 text29       003B1
__ptext3                                  text3        00387
__ptext30                                 text30       003B4
__ptext31                                 text31       0037A
__ptext32                                 text32       0037F
__ptext33                                 text33       003B7
__ptext34                                 text34       003C4
__ptext35                                 text35       00281
__ptext36                                 text36       00383
__ptext37                                 text37       0033D
__ptext38                                 text38       00317
__ptext39                                 text39       0024D
__ptext4                                  text4        002A6
__ptext40                                 text40       00349
__ptext41                                 text41       00355
__ptext43                                 text43       00269
__ptext44                                 text44       00324
__ptext45                                 text45       002EB
__ptext46                                 text46       002FA
__ptext47                                 text47       0003F
__ptext5                                  text5        000D0
__ptext6                                  text6        002B8
__ptext7                                  text7        002C9
__ptext8                                  text8        0013E
__ptext9                                  text9        00192
_analysis_of_data                         text8        0013E
_check_lamp_off_even                      text7        002C9
_check_unlock_even                        text6        002B8
_csFlag                                   bssBANK0     00040
_eLamp_even                               bssBANK0     0003B
_fFrame_OK                                bssBANK0     0003E
_fReceiver_Byte                           bssBANK0     0003F
_main                                     maintext     00309
_receiver_frame_data                      text5        000D0
_rx_buf                                   bssBANK0     00020
_rx_data                                  bssCOMMON    00075
_sofaware_initialize                      text20       00331
_timer0ReloadVal                          bssCOMMON    00076
_timer1ReloadVal                          bssBANK0     00033
_to_do_lamp_off                           text4        002A6
_to_do_signal_timeout                     text3        00387
_to_do_unlock                             text2        00294
_tundra_main                              text1        00213
analysis_of_data@crc8                     cstackBANK0  00043
analysis_of_data@temp_index               cstackBANK0  00044
btemp                                     (abs)        0007E
clear_ram0                                clrtext      00368
end_of_initialization                     cinit        0003B
int$flags                                 (abs)        0007E
intlevel0                                 functab      00000
intlevel1                                 functab      00000
intlevel2                                 functab      00000
intlevel3                                 functab      00000
intlevel4                                 functab      00000
intlevel5                                 functab      00000
receiver_frame_data@eReceiver_step        bssBANK0     0003A
reset_vec                                 reset_vec    00000
start                                     init         00026
start_initialization                      cinit        00028
wtemp0                                    (abs)        0007E


MODULE INFORMATION

Module		Function		Class		Link	Load	Size
tundra.c
		_Clear_No_Call_Warning		CODE           	03C3	0000	1
		_check_unlock_even		CODE           	02B8	0000	17
		_receiver_frame_data		CODE           	00D0	0000	110
		_LED_control   		CODE           	0192	0000	65
		_tundra_main   		CODE           	0213	0000	58
		_analysis_of_data		CODE           	013E	0000	84
		_to_do_unlock  		CODE           	0294	0000	18
		_to_do_lamp_off		CODE           	02A6	0000	18
		_TMR0_10MS_Even		CODE           	02EB	0000	15
		_ECCP3_CallBack		CODE           	003F	0000	145
		_check_lamp_off_even		CODE           	02C9	0000	17
		_sofaware_initialize		CODE           	0331	0000	12
		_to_do_signal_timeout		CODE           	0387	0000	3

tundra.c estimated size: 563

mcc_generated_files/interrupt_manager.c
		_INTERRUPT_InterruptManager		CODE           	0004	0000	34

mcc_generated_files/interrupt_manager.c estimated size: 34

mcc_generated_files/tmr0.c
		_TMR0_SetInterruptHandler		CODE           	036E	0000	6
		_TMR0_Reload   		CODE           	037F	0000	4
		_TMR0_CallBack 		CODE           	0324	0000	13
		_TMR0_WriteTimer		CODE           	037A	0000	5
		_TMR0_ReadTimer		CODE           	03B7	0000	3
		_TMR0_ISR      		CODE           	0269	0000	24
		_TMR0_Initialize		CODE           	0317	0000	13

mcc_generated_files/tmr0.c estimated size: 68

mcc_generated_files/pin_manager.c
		_PIN_MANAGER_Initialize		CODE           	024D	0000	28
		_PIN_MANAGER_IOC		CODE           	03C4	0000	1

mcc_generated_files/pin_manager.c estimated size: 29

LED_output.c
		_FAN_ON        		CODE           	039C	0000	3
		_POS_OFF       		CODE           	038D	0000	3
		_HIBEAM_ON     		CODE           	0396	0000	3
		_HIBEAM_OFF    		CODE           	0399	0000	3
		_LOBEAM_ON     		CODE           	0390	0000	3
		_LOBEAM_OFF    		CODE           	0393	0000	3
		_DRL_ON        		CODE           	03A2	0000	3
		_FAN_OFF       		CODE           	039F	0000	3
		_POS_ON        		CODE           	038A	0000	3
		_DRL_OFF       		CODE           	03A5	0000	3

LED_output.c estimated size: 30

shared
		_UART_LEVEL    		STRCODE        	0000	0000	0
		_BUF_LENGTH    		STRCODE        	0000	0000	0
		_RISING_EDGE_TRIG		STRCODE        	0000	0000	0
		_DATA_LENGTH   		STRCODE        	0000	0000	0
		_LOGIC_LEVEL   		STRCODE        	0000	0000	0
		__initialization		CODE           	0028	0000	19
		_CS            		STRCODE        	01D3	0000	64
		_BIT_7         		STRCODE        	0000	0000	0
		_FALLING_EDGE_TRIG		STRCODE        	0000	0000	0
		_LIGHT_PID     		STRCODE        	0000	0000	0

shared estimated size: 83

mcc_generated_files/mcc.c
		_WDT_Initialize		CODE           	0383	0000	4
		_OSCILLATOR_Initialize		CODE           	0349	0000	12
		_SYSTEM_Initialize		CODE           	0281	0000	19

mcc_generated_files/mcc.c estimated size: 35

mcc_generated_files/tmr1.c
		_TMR1_Initialize		CODE           	033D	0000	12
		_TMR1_StartSinglePulseAcquisition		CODE           	03AE	0000	3
		_TMR1_StopTimer		CODE           	03A8	0000	3
		_TMR1_Reload   		CODE           	035F	0000	9
		_TMR1_CheckGateValueStatus		CODE           	03B4	0000	3
		_TMR1_WriteTimer		CODE           	02DA	0000	17
		_TMR1_StartTimer		CODE           	03AB	0000	3
		_TMR1_ReadTimer		CODE           	0374	0000	6
		_TMR1_HasOverflowOccured		CODE           	03B1	0000	3

mcc_generated_files/tmr1.c estimated size: 59

main.c
		_main          		CODE           	0309	0000	14

main.c estimated size: 14

mcc_generated_files/eccp3.c
		_ECCP3_CaptureISR		CODE           	02FA	0000	15
		_ECCP3_Initialize		CODE           	0355	0000	10

mcc_generated_files/eccp3.c estimated size: 25

