Microchip MPLAB XC8 Compiler V2.46

Linker command line:

-W-3 --edf=c:\PROGRA~1\MICROC~1\xc8\v2.46\pic\dat\20240104201356_en.msgs \
  -cn \
  -h+D:\yiming\00work\TY1500_U2_V01.X\out\TY1500_U2_V01\production\default-production.sym \
  --cmf=D:\yiming\00work\TY1500_U2_V01.X\out\TY1500_U2_V01\production\default-production.cmf \
  -z -Q16F1936 \
  -oC:\Users\t00904\AppData\Local\Temp\xcHsjgc.7\driver_tmp_3.o \
  --defsym=__MPLAB_BUILD=1 --fixupoverflow=error -Mmem.map \
  --md=C:\Users\t00904\AppData\Local\Temp\xcHsjgc.7\driver_tmp_0.dat -E1 \
  -ver=XC8 Compiler --acfsm=1493 -ACODE=00h-07FFhx4 -ASTRCODE=00h-01FFFh \
  -ASTRING=00h-0FFhx32 -ACONST=00h-0FFhx32 -AENTRY=00h-0FFhx32 \
  -ACOMMON=070h-07Fh -ABANK0=020h-06Fh -ABANK1=0A0h-0EFh \
  -ABANK2=0120h-016Fh -ABANK3=01A0h-01EFh -ABANK4=0220h-026Fh \
  -ABANK5=02A0h-02EFh -ABANK6=0320h-032Fh -ABIGRAM=02000h-021EFh \
  -ARAM=020h-06Fh,0A0h-0EFh,0120h-016Fh,01A0h-01EFh,0220h-026Fh,02A0h-02EFh,0320h-032Fh \
  -AABS1=020h-07Fh,0A0h-0EFh,0120h-016Fh,01A0h-01EFh,0220h-026Fh,02A0h-02EFh,0320h-032Fh \
  -ASFR0=00h-01Fh -ASFR1=080h-09Fh -ASFR2=0100h-011Fh -ASFR3=0180h-019Fh \
  -ASFR4=0200h-021Fh -ASFR5=0280h-029Fh -ASFR6=0300h-031Fh \
  -ASFR7=0380h-03EFh -ASFR8=0400h-046Fh -ASFR9=0480h-04EFh \
  -ASFR10=0500h-056Fh -ASFR11=0580h-05EFh -ASFR12=0600h-066Fh \
  -ASFR13=0680h-06EFh -ASFR14=0700h-076Fh -ASFR15=0780h-07EFh \
  -ASFR16=0800h-086Fh -ASFR17=0880h-08EFh -ASFR18=0900h-096Fh \
  -ASFR19=0980h-09EFh -ASFR20=0A00h-0A6Fh -ASFR21=0A80h-0AEFh \
  -ASFR22=0B00h-0B6Fh -ASFR23=0B80h-0BEFh -ASFR24=0C00h-0C6Fh \
  -ASFR25=0C80h-0CEFh -ASFR26=0D00h-0D6Fh -ASFR27=0D80h-0DEFh \
  -ASFR28=0E00h-0E6Fh -ASFR29=0E80h-0EEFh -ASFR30=0F00h-0F6Fh \
  -ASFR31=0F80h-0FEFh -ACONFIG=08007h-08008h -DCONFIG=2 \
  -AIDLOC=08000h-08003h -DIDLOC=2 -AEEDATA=00h-0FFh/0F000h \
  -peeprom_data=EEDATA -DEEDATA=2 -DCODE=2 -DSTRCODE=2 -DSTRING=2 -DCONST=2 \
  -DENTRY=2 -preset_vec=00h,intentry=04h,sivt,init,end_init -ppowerup=CODE \
  -pcinit=CODE -pfunctab=ENTRY -k \
  C:\Users\t00904\AppData\Local\Temp\xcHsjgc.7\driver_tmp_15.o \
  D:\yiming\00work\TY1500_U2_V01.X\out\TY1500_U2_V01\production\default-production.o 

Object code version is 3.11

Machine type is 16F1936



                Name                               Link     Load   Length Selector   Space Scale
C:\Users\t00904\AppData\Local\Temp\xcHsjgc.7\driver_tmp_15.o
                end_init                             26       26        2        8       0
                reset_vec                             0        0        2        0       0
                config                             8007     8007        2        0       4
                idloc                              8000     8000        4        0       5
D:\yiming\00work\TY1500_U2_V01.X\out\TY1500_U2_V01\production\default-production.o
                cinit                                28       28       16        8       0
                intentry                              4        4       22        8       0
                config                             8007     8007        2        0       4
                idloc                              8000     8000        4        0       5
                text31                               3E       3E       9F        8       0
                text30                              298      298        F      3D2       0
                text29                              289      289        F      3D2       0
                text28                              2B4      2B4        D      3D2       0
                text27                              24D      24D       18      3D2       0
                text25                              331      331        1      660       0
                text24                              324      324        3      3D2       0
                text23                              311      311        4      3D2       0
                text22                              308      308        5      3D2       0
                text21                              321      321        3      3D2       0
                text20                              31E      31E        3      3D2       0
                text19                              302      302        6      3D2       0
                text18                              278      278       11      3D2       0
                text17                              2ED      2ED        9      3D2       0
                text16                              31B      31B        3      3D2       0
                text15                              318      318        3      3D2       0
                text14                              315      315        3      3D2       0
                text13                              330      330        1      660       0
                text12                              2E3      2E3        A      3D2       0
                text11                              2CD      2CD        C      3D2       0
                text10                              21A      21A       1B      3D2       0
                text9                               2A7      2A7        D      3D2       0
                text8                               2C1      2C1        C      3D2       0
                text7                               30D      30D        4      3D2       0
                text6                               265      265       13      3D2       0
                text5                               2FC      2FC        6      3D2       0
                text4                               14B      14B       5E        8       0
                text3                               1E9      1E9       31      3D2       0
                text2                                DD       DD       6E        8       0
                text1                               2D9      2D9        A      3D2       0
                maintext                            235      235       18      3D2       0
                cstackBANK0                          45       45        3       20       1
                cstackCOMMON                         76       76        6       70       1
                clrtext                             2F6      2F6        6      3D2       0
                dataBANK0                            48       48        1       20       1
                bssBANK0                             20       20       25       20       1
                bssCOMMON                            70       70        6       70       1
                stringtext9                         32F      32F        1      650       0
                stringtext8                         32E      32E        1      650       0
                stringtext7                         32D      32D        1      650       0
                stringtext6                         32C      32C        1      650       0
                stringtext5                         32B      32B        1      650       0
                stringtext4                         32A      32A        1      650       0
                stringtext3                         329      329        1      650       0
                stringtext2                         328      328        1      650       0
                stringtext1                         1A9      1A9       40      352       0
                idataBANK0                          327      327        1      3D2       0

TOTAL           Name                               Link     Load   Length     Space
        CLASS   CODE           
                end_init                             26       26        2         0
                cinit                                28       28       16         0
                intentry                              4        4       22         0
                reset_vec                             0        0        2         0
                text31                               3E       3E       9F         0
                text30                              298      298        F         0
                text29                              289      289        F         0
                text28                              2B4      2B4        D         0
                text27                              24D      24D       18         0
                text25                              331      331        1         0
                text24                              324      324        3         0
                text23                              311      311        4         0
                text22                              308      308        5         0
                text21                              321      321        3         0
                text20                              31E      31E        3         0
                text19                              302      302        6         0
                text18                              278      278       11         0
                text17                              2ED      2ED        9         0
                text16                              31B      31B        3         0
                text15                              318      318        3         0
                text14                              315      315        3         0
                text13                              330      330        1         0
                text12                              2E3      2E3        A         0
                text11                              2CD      2CD        C         0
                text10                              21A      21A       1B         0
                text9                               2A7      2A7        D         0
                text8                               2C1      2C1        C         0
                text7                               30D      30D        4         0
                text6                               265      265       13         0
                text5                               2FC      2FC        6         0
                text4                               14B      14B       5E         0
                text3                               1E9      1E9       31         0
                text2                                DD       DD       6E         0
                text1                               2D9      2D9        A         0
                maintext                            235      235       18         0
                clrtext                             2F6      2F6        6         0
                idataBANK0                          327      327        1         0

        CLASS   STRCODE        
                stringtext9                         32F      32F        1         0
                stringtext8                         32E      32E        1         0
                stringtext7                         32D      32D        1         0
                stringtext6                         32C      32C        1         0
                stringtext5                         32B      32B        1         0
                stringtext4                         32A      32A        1         0
                stringtext3                         329      329        1         0
                stringtext2                         328      328        1         0
                stringtext1                         1A9      1A9       40         0

        CLASS   STRING         

        CLASS   CONST          

        CLASS   ENTRY          

        CLASS   COMMON         
                cstackCOMMON                         76       76        6         1
                bssCOMMON                            70       70        6         1

        CLASS   BANK0          
                cstackBANK0                          45       45        3         1
                dataBANK0                            48       48        1         1
                bssBANK0                             20       20       25         1

        CLASS   BANK1          

        CLASS   BANK2          

        CLASS   BANK3          

        CLASS   BANK4          

        CLASS   BANK5          

        CLASS   BANK6          

        CLASS   BIGRAM         

        CLASS   RAM            

        CLASS   ABS1           
                abs_s1                               7E       7E        2         1

        CLASS   SFR0           

        CLASS   SFR1           

        CLASS   SFR2           

        CLASS   SFR3           

        CLASS   SFR4           

        CLASS   SFR5           

        CLASS   SFR6           

        CLASS   SFR7           

        CLASS   SFR8           

        CLASS   SFR9           

        CLASS   SFR10          

        CLASS   SFR11          

        CLASS   SFR12          

        CLASS   SFR13          

        CLASS   SFR14          

        CLASS   SFR15          

        CLASS   SFR16          

        CLASS   SFR17          

        CLASS   SFR18          

        CLASS   SFR19          

        CLASS   SFR20          

        CLASS   SFR21          

        CLASS   SFR22          

        CLASS   SFR23          

        CLASS   SFR24          

        CLASS   SFR25          

        CLASS   SFR26          

        CLASS   SFR27          

        CLASS   SFR28          

        CLASS   SFR29          

        CLASS   SFR30          

        CLASS   SFR31          

        CLASS   CONFIG         
                config                             8007     8007        2         4

        CLASS   IDLOC          
                idloc                              8000     8000        4         5

        CLASS   EEDATA         

        CLASS   BANK31         

        CLASS   BANK30         

        CLASS   BANK29         

        CLASS   BANK28         

        CLASS   BANK27         

        CLASS   BANK26         

        CLASS   BANK25         

        CLASS   BANK24         

        CLASS   BANK23         

        CLASS   BANK22         

        CLASS   BANK21         

        CLASS   BANK20         

        CLASS   BANK19         

        CLASS   BANK18         

        CLASS   BANK17         

        CLASS   BANK16         

        CLASS   BANK15         

        CLASS   BANK14         

        CLASS   BANK13         

        CLASS   BANK12         

        CLASS   BANK11         

        CLASS   BANK10         

        CLASS   BANK9          

        CLASS   BANK8          

        CLASS   BANK7          

        CLASS   HEAP           

        CLASS   STACK          



SEGMENTS        Name                           Load    Length   Top    Selector   Space  Class     Delta

                reset_vec                      000000  000002  000002         0       0  CODE        2
                intentry                       000004  0001A5  0001A9         8       0  CODE        2
                bssBANK0                       000020  000029  000049        20       1  BANK0       1
                bssCOMMON                      000070  00000C  00007C        70       1  COMMON      1
                stringtext1                    0001A9  000040  0001E9       352       0  STRCODE     2
                text3                          0001E9  00013F  000328       3D2       0  CODE        2
                stringtext2                    000328  000008  000330       650       0  STRCODE     2
                text13                         000330  000002  000332       660       0  CODE        2


UNUSED ADDRESS RANGES

        Name                Unused          Largest block    Delta
        BANK0            00049-0006F              27           1
        BANK1            000A0-000EF              50           1
        BANK2            00120-0016F              50           1
        BANK3            001A0-001EF              50           1
        BANK4            00220-0026F              50           1
        BANK5            002A0-002EF              50           1
        BANK6            00320-0032F              10           1
        BIGRAM           02000-021EF             1F0           1
        CODE             00002-00003               2           2
                         00332-01FFF             800
        COMMON           0007C-0007D               2           1
        CONST            00002-00003               2           2
                         00332-01FFF             100
        EEDATA           0F000-0F0FF             100           2
        ENTRY            00002-00003               2           2
                         00332-01FFF             100
        RAM              00049-0006F              27           1
                         000A0-000EF              50
                         00120-0016F              50
                         001A0-001EF              50
                         00220-0026F              50
                         002A0-002EF              50
                         00320-0032F              10
        SFR0             00000-0001F              20           1
        SFR1             00080-0009F              20           1
        SFR10            00500-0056F              70           1
        SFR11            00580-005EF              70           1
        SFR12            00600-0066F              70           1
        SFR13            00680-006EF              70           1
        SFR14            00700-0076F              70           1
        SFR15            00780-007EF              70           1
        SFR16            00800-0086F              70           1
        SFR17            00880-008EF              70           1
        SFR18            00900-0096F              70           1
        SFR19            00980-009EF              70           1
        SFR2             00100-0011F              20           1
        SFR20            00A00-00A6F              70           1
        SFR21            00A80-00AEF              70           1
        SFR22            00B00-00B6F              70           1
        SFR23            00B80-00BEF              70           1
        SFR24            00C00-00C6F              70           1
        SFR25            00C80-00CEF              70           1
        SFR26            00D00-00D6F              70           1
        SFR27            00D80-00DEF              70           1
        SFR28            00E00-00E6F              70           1
        SFR29            00E80-00EEF              70           1
        SFR3             00180-0019F              20           1
        SFR30            00F00-00F6F              70           1
        SFR31            00F80-00FEF              70           1
        SFR4             00200-0021F              20           1
        SFR5             00280-0029F              20           1
        SFR6             00300-0031F              20           1
        SFR7             00380-003EF              70           1
        SFR8             00400-0046F              70           1
        SFR9             00480-004EF              70           1
        STRCODE          00002-00003               2           2
                         00332-01FFF            1CCE
        STRING           00002-00003               2           2
                         00332-01FFF             100

                                  Symbol Table

ECCP3_CallBack@bit_cnt                    bssBANK0     00037
ECCP3_CallBack@capturedValue              cstackCOMMON 00076
ECCP3_CallBack@diff_us                    bssBANK0     0003A
ECCP3_CallBack@fRise_edge                 bssBANK0     00039
ECCP3_CallBack@fStart_bit                 bssBANK0     00038
ECCP3_CallBack@falling_edge_time          bssCOMMON    00070
ECCP3_CallBack@negative_pulse_width       bssBANK0     0002F
ECCP3_CallBack@negative_pulse_width_us    bssBANK0     0003B
ECCP3_CallBack@positive_pulse_width       bssBANK0     0002D
ECCP3_CallBack@positive_pulse_width_us    bssCOMMON    00072
ECCP3_CallBack@rising_edge_time           bssBANK0     0002B
ECCP3_CaptureISR@module                   cstackCOMMON 0007A
LED_output@crc8                           cstackBANK0  00046
LED_output@i                              cstackBANK0  00047
TMR0_ISR@CountCallBack                    bssBANK0     00033
TMR0_SetInterruptHandler@InterruptHandler cstackBANK0  00045
TMR0_WriteTimer@timerVal                  cstackBANK0  00045
TMR1_ReadTimer@readValHigh                cstackBANK0  00045
TMR1_ReadTimer@readValLow                 cstackBANK0  00046
TMR1_WriteTimer@timerVal                  cstackBANK0  00045
_ANSELA                                   (abs)        0018C
_ANSELB                                   (abs)        0018D
_APFCON                                   (abs)        0011D
_BORCON                                   (abs)        00116
_CCP3CON                                  (abs)        00313
_CCPR3H                                   (abs)        00312
_CCPR3L                                   (abs)        00311
_CS                                       stringtext1  001A9
_Clear_No_Call_Warning                    text13       00330
_D2                                       bssCOMMON    00074
_D3                                       bssBANK0     00044
_ECCP3_CallBack                           text31       0003E
_ECCP3_CaptureISR                         text30       00298
_ECCP3_Initialize                         text12       002E3
_INTCONbits                               (abs)        0000B
_INTERRUPT_InterruptManager               intentry     00004
_LATA                                     (abs)        0010C
_LATAbits                                 (abs)        0010C
_LATB                                     (abs)        0010D
_LATBbits                                 (abs)        0010D
_LATC                                     (abs)        0010E
_LATCbits                                 (abs)        0010E
_LATE                                     (abs)        00110
_LED_output                               text4        0014B
_OPTION_REG                               (abs)        00095
_OPTION_REGbits                           (abs)        00095
_OSCCON                                   (abs)        00099
_OSCILLATOR_Initialize                    text11       002CD
_OSCTUNE                                  (abs)        00098
_PIE3bits                                 (abs)        00093
_PIN_MANAGER_IOC                          text25       00331
_PIN_MANAGER_Initialize                   text10       0021A
_PIR1bits                                 (abs)        00011
_PIR3bits                                 (abs)        00013
_PLLR                                     (abs)        004D6
_SYSTEM_Initialize                        text6        00265
_T10MS_CNT                                bssBANK0     00041
_T1CON                                    (abs)        00018
_T1CONbits                                (abs)        00018
_T1GCON                                   (abs)        00019
_T1GCONbits                               (abs)        00019
_TMR0                                     (abs)        00015
_TMR0_10MS_Even                           text29       00289
_TMR0_CallBack                            text28       002B4
_TMR0_ISR                                 text27       0024D
_TMR0_Initialize                          text9        002A7
_TMR0_InterruptHandler                    bssBANK0     00035
_TMR0_ReadTimer                           text24       00324
_TMR0_Reload                              text23       00311
_TMR0_SetInterruptHandler                 text5        002FC
_TMR0_WriteTimer                          text22       00308
_TMR1H                                    (abs)        00017
_TMR1L                                    (abs)        00016
_TMR1_CheckGateValueStatus                text21       00321
_TMR1_HasOverflowOccured                  text20       0031E
_TMR1_Initialize                          text8        002C1
_TMR1_ReadTimer                           text19       00302
_TMR1_Reload                              text17       002ED
_TMR1_StartSinglePulseAcquisition         text16       0031B
_TMR1_StartTimer                          text15       00318
_TMR1_StopTimer                           text14       00315
_TMR1_WriteTimer                          text18       00278
_TRISA                                    (abs)        0008C
_TRISB                                    (abs)        0008D
_TRISC                                    (abs)        0008E
_TRISE                                    (abs)        00090
_WDTCON                                   (abs)        00097
_WDT_Initialize                           text7        0030D
_WPUB                                     (abs)        0020D
_WPUE                                     (abs)        00210
__H__absolute__                           __absolute__ 00000
__Habs1                                   abs1         00000
__Hbank0                                  bank0        00000
__Hbank1                                  bank1        00000
__Hbank10                                 bank10       00000
__Hbank11                                 bank11       00000
__Hbank12                                 bank12       00000
__Hbank13                                 bank13       00000
__Hbank14                                 bank14       00000
__Hbank15                                 bank15       00000
__Hbank16                                 bank16       00000
__Hbank17                                 bank17       00000
__Hbank18                                 bank18       00000
__Hbank19                                 bank19       00000
__Hbank2                                  bank2        00000
__Hbank20                                 bank20       00000
__Hbank21                                 bank21       00000
__Hbank22                                 bank22       00000
__Hbank23                                 bank23       00000
__Hbank24                                 bank24       00000
__Hbank25                                 bank25       00000
__Hbank26                                 bank26       00000
__Hbank27                                 bank27       00000
__Hbank28                                 bank28       00000
__Hbank29                                 bank29       00000
__Hbank3                                  bank3        00000
__Hbank30                                 bank30       00000
__Hbank31                                 bank31       00000
__Hbank4                                  bank4        00000
__Hbank5                                  bank5        00000
__Hbank6                                  bank6        00000
__Hbank7                                  bank7        00000
__Hbank8                                  bank8        00000
__Hbank9                                  bank9        00000
__Hbigram                                 bigram       00000
__HbssBANK0                               bssBANK0     00000
__HbssCOMMON                              bssCOMMON    00000
__Hcinit                                  cinit        0003E
__Hclrtext                                clrtext      00000
__Hcode                                   code         00000
__Hcommon                                 common       00000
__Hconfig                                 config       08009
__HcstackBANK0                            cstackBANK0  00000
__HcstackCOMMON                           cstackCOMMON 00000
__HdataBANK0                              dataBANK0    00000
__Heeprom_data                            eeprom_data  00000
__Hend_init                               end_init     00028
__Hfunctab                                functab      00000
__Hheap                                   heap         00000
__HidataBANK0                             idataBANK0   00000
__Hidloc                                  idloc        08004
__Hinit                                   init         00026
__Hintentry                               intentry     00026
__Hmaintext                               maintext     00000
__Hpowerup                                powerup      00000
__Hram                                    ram          00000
__Hreset_vec                              reset_vec    00002
__Hsfr0                                   sfr0         00000
__Hsfr1                                   sfr1         00000
__Hsfr10                                  sfr10        00000
__Hsfr11                                  sfr11        00000
__Hsfr12                                  sfr12        00000
__Hsfr13                                  sfr13        00000
__Hsfr14                                  sfr14        00000
__Hsfr15                                  sfr15        00000
__Hsfr16                                  sfr16        00000
__Hsfr17                                  sfr17        00000
__Hsfr18                                  sfr18        00000
__Hsfr19                                  sfr19        00000
__Hsfr2                                   sfr2         00000
__Hsfr20                                  sfr20        00000
__Hsfr21                                  sfr21        00000
__Hsfr22                                  sfr22        00000
__Hsfr23                                  sfr23        00000
__Hsfr24                                  sfr24        00000
__Hsfr25                                  sfr25        00000
__Hsfr26                                  sfr26        00000
__Hsfr27                                  sfr27        00000
__Hsfr28                                  sfr28        00000
__Hsfr29                                  sfr29        00000
__Hsfr3                                   sfr3         00000
__Hsfr30                                  sfr30        00000
__Hsfr31                                  sfr31        00000
__Hsfr4                                   sfr4         00000
__Hsfr5                                   sfr5         00000
__Hsfr6                                   sfr6         00000
__Hsfr7                                   sfr7         00000
__Hsfr8                                   sfr8         00000
__Hsfr9                                   sfr9         00000
__Hsivt                                   sivt         00026
__Hspace_0                                (abs)        00332
__Hspace_1                                (abs)        0007C
__Hspace_2                                (abs)        00000
__Hspace_3                                (abs)        00000
__Hspace_4                                (abs)        10010
__Hstack                                  stack        00000
__Hstrings                                strings      00000
__Hstringtext1                            stringtext1  00000
__Hstringtext2                            stringtext2  00000
__Hstringtext3                            stringtext3  00000
__Hstringtext4                            stringtext4  00000
__Hstringtext5                            stringtext5  00000
__Hstringtext6                            stringtext6  00000
__Hstringtext7                            stringtext7  00000
__Hstringtext8                            stringtext8  00000
__Hstringtext9                            stringtext9  00000
__Htext                                   text         00000
__L__absolute__                           __absolute__ 00000
__Labs1                                   abs1         00000
__Lbank0                                  bank0        00000
__Lbank1                                  bank1        00000
__Lbank10                                 bank10       00000
__Lbank11                                 bank11       00000
__Lbank12                                 bank12       00000
__Lbank13                                 bank13       00000
__Lbank14                                 bank14       00000
__Lbank15                                 bank15       00000
__Lbank16                                 bank16       00000
__Lbank17                                 bank17       00000
__Lbank18                                 bank18       00000
__Lbank19                                 bank19       00000
__Lbank2                                  bank2        00000
__Lbank20                                 bank20       00000
__Lbank21                                 bank21       00000
__Lbank22                                 bank22       00000
__Lbank23                                 bank23       00000
__Lbank24                                 bank24       00000
__Lbank25                                 bank25       00000
__Lbank26                                 bank26       00000
__Lbank27                                 bank27       00000
__Lbank28                                 bank28       00000
__Lbank29                                 bank29       00000
__Lbank3                                  bank3        00000
__Lbank30                                 bank30       00000
__Lbank31                                 bank31       00000
__Lbank4                                  bank4        00000
__Lbank5                                  bank5        00000
__Lbank6                                  bank6        00000
__Lbank7                                  bank7        00000
__Lbank8                                  bank8        00000
__Lbank9                                  bank9        00000
__Lbigram                                 bigram       00000
__LbssBANK0                               bssBANK0     00000
__LbssCOMMON                              bssCOMMON    00000
__Lcinit                                  cinit        00028
__Lclrtext                                clrtext      00000
__Lcode                                   code         00000
__Lcommon                                 common       00000
__Lconfig                                 config       00000
__LcstackBANK0                            cstackBANK0  00000
__LcstackCOMMON                           cstackCOMMON 00000
__LdataBANK0                              dataBANK0    00000
__Leeprom_data                            eeprom_data  00000
__Lend_init                               end_init     00026
__Lfunctab                                functab      00000
__Lheap                                   heap         00000
__LidataBANK0                             idataBANK0   00000
__Lidloc                                  idloc        00000
__Linit                                   init         00026
__Lintentry                               intentry     00004
__Lmaintext                               maintext     00000
__Lpowerup                                powerup      00000
__Lram                                    ram          00000
__Lreset_vec                              reset_vec    00000
__Lsfr0                                   sfr0         00000
__Lsfr1                                   sfr1         00000
__Lsfr10                                  sfr10        00000
__Lsfr11                                  sfr11        00000
__Lsfr12                                  sfr12        00000
__Lsfr13                                  sfr13        00000
__Lsfr14                                  sfr14        00000
__Lsfr15                                  sfr15        00000
__Lsfr16                                  sfr16        00000
__Lsfr17                                  sfr17        00000
__Lsfr18                                  sfr18        00000
__Lsfr19                                  sfr19        00000
__Lsfr2                                   sfr2         00000
__Lsfr20                                  sfr20        00000
__Lsfr21                                  sfr21        00000
__Lsfr22                                  sfr22        00000
__Lsfr23                                  sfr23        00000
__Lsfr24                                  sfr24        00000
__Lsfr25                                  sfr25        00000
__Lsfr26                                  sfr26        00000
__Lsfr27                                  sfr27        00000
__Lsfr28                                  sfr28        00000
__Lsfr29                                  sfr29        00000
__Lsfr3                                   sfr3         00000
__Lsfr30                                  sfr30        00000
__Lsfr31                                  sfr31        00000
__Lsfr4                                   sfr4         00000
__Lsfr5                                   sfr5         00000
__Lsfr6                                   sfr6         00000
__Lsfr7                                   sfr7         00000
__Lsfr8                                   sfr8         00000
__Lsfr9                                   sfr9         00000
__Lsivt                                   sivt         00026
__Lspace_0                                (abs)        00000
__Lspace_1                                (abs)        00000
__Lspace_2                                (abs)        00000
__Lspace_3                                (abs)        00000
__Lspace_4                                (abs)        00000
__Lstack                                  stack        00000
__Lstrings                                strings      00000
__Lstringtext1                            stringtext1  00000
__Lstringtext2                            stringtext2  00000
__Lstringtext3                            stringtext3  00000
__Lstringtext4                            stringtext4  00000
__Lstringtext5                            stringtext5  00000
__Lstringtext6                            stringtext6  00000
__Lstringtext7                            stringtext7  00000
__Lstringtext8                            stringtext8  00000
__Lstringtext9                            stringtext9  00000
__Ltext                                   text         00000
__S0                                      (abs)        00332
__S1                                      (abs)        0007C
__S3                                      (abs)        00000
___heap_hi                                (abs)        00000
___heap_lo                                (abs)        00000
___int_sp                                 stack        00000
___int_stack_hi                           stack        00000
___int_stack_lo                           stack        00000
___latbits                                (abs)        00002
___sp                                     stack        00000
___stack_hi                               stack        00000
___stack_lo                               stack        00000
___stackhi                                (abs)        00000
___stacklo                                (abs)        00000
__end_of_BIT_7                            stringtext2  00329
__end_of_BUF_LENGTH                       stringtext5  0032C
__end_of_CS                               stringtext1  001E9
__end_of_Clear_No_Call_Warning            text13       00331
__end_of_DATA_LENGTH                      stringtext8  0032F
__end_of_ECCP3_CallBack                   text31       000DD
__end_of_ECCP3_CaptureISR                 text30       002A7
__end_of_ECCP3_Initialize                 text12       002ED
__end_of_FALLING_EDGE_TRIG                stringtext3  0032A
__end_of_INTERRUPT_InterruptManager       intentry     00026
__end_of_LED_output                       text4        001A9
__end_of_LIGHT_PID                        stringtext9  00330
__end_of_LOGIC_LEVEL                      stringtext7  0032E
__end_of_OSCILLATOR_Initialize            text11       002D9
__end_of_PIN_MANAGER_IOC                  text25       00332
__end_of_PIN_MANAGER_Initialize           text10       00235
__end_of_RISING_EDGE_TRIG                 stringtext4  0032B
__end_of_SYSTEM_Initialize                text6        00278
__end_of_TMR0_10MS_Even                   text29       00298
__end_of_TMR0_CallBack                    text28       002C1
__end_of_TMR0_ISR                         text27       00265
__end_of_TMR0_Initialize                  text9        002B4
__end_of_TMR0_ReadTimer                   text24       00327
__end_of_TMR0_Reload                      text23       00315
__end_of_TMR0_SetInterruptHandler         text5        00302
__end_of_TMR0_WriteTimer                  text22       0030D
__end_of_TMR1_CheckGateValueStatus        text21       00324
__end_of_TMR1_HasOverflowOccured          text20       00321
__end_of_TMR1_Initialize                  text8        002CD
__end_of_TMR1_ReadTimer                   text19       00308
__end_of_TMR1_Reload                      text17       002F6
__end_of_TMR1_StartSinglePulseAcquisition text16       0031E
__end_of_TMR1_StartTimer                  text15       0031B
__end_of_TMR1_StopTimer                   text14       00318
__end_of_TMR1_WriteTimer                  text18       00289
__end_of_UART_LEVEL                       stringtext6  0032D
__end_of_WDT_Initialize                   text7        00311
__end_of__initialization                  cinit        0003A
__end_of_analysis_of_data                 text3        0021A
__end_of_getFrameData                     text2        0014B
__end_of_main                             maintext     0024D
__end_of_tundra_main                      text1        002E3
__initialization                          cinit        00028
__pbssBANK0                               bssBANK0     00020
__pbssCOMMON                              bssCOMMON    00070
__pcstackBANK0                            cstackBANK0  00045
__pcstackCOMMON                           cstackCOMMON 00076
__pdataBANK0                              dataBANK0    00048
__pidataBANK0                             idataBANK0   00327
__pintentry                               intentry     00004
__pmaintext                               maintext     00235
__pstringtext1                            stringtext1  001A9
__pstringtext2                            stringtext2  00328
__pstringtext3                            stringtext3  00329
__pstringtext4                            stringtext4  0032A
__pstringtext5                            stringtext5  0032B
__pstringtext6                            stringtext6  0032C
__pstringtext7                            stringtext7  0032D
__pstringtext8                            stringtext8  0032E
__pstringtext9                            stringtext9  0032F
__ptext1                                  text1        002D9
__ptext10                                 text10       0021A
__ptext11                                 text11       002CD
__ptext12                                 text12       002E3
__ptext13                                 text13       00330
__ptext14                                 text14       00315
__ptext15                                 text15       00318
__ptext16                                 text16       0031B
__ptext17                                 text17       002ED
__ptext18                                 text18       00278
__ptext19                                 text19       00302
__ptext2                                  text2        000DD
__ptext20                                 text20       0031E
__ptext21                                 text21       00321
__ptext22                                 text22       00308
__ptext23                                 text23       00311
__ptext24                                 text24       00324
__ptext25                                 text25       00331
__ptext27                                 text27       0024D
__ptext28                                 text28       002B4
__ptext29                                 text29       00289
__ptext3                                  text3        001E9
__ptext30                                 text30       00298
__ptext31                                 text31       0003E
__ptext4                                  text4        0014B
__ptext5                                  text5        002FC
__ptext6                                  text6        00265
__ptext7                                  text7        0030D
__ptext8                                  text8        002C1
__ptext9                                  text9        002A7
_analysis_of_data                         text3        001E9
_csFlag                                   bssBANK0     00043
_fFrame_OK                                bssBANK0     0003E
_fReceiver_Byte                           bssBANK0     00042
_fTime_over_2_second                      bssBANK0     0003F
_getFrameData                             text2        000DD
_main                                     maintext     00235
_rx_buf                                   bssBANK0     00020
_rx_data                                  bssCOMMON    00073
_timer0ReloadVal                          bssCOMMON    00075
_timer1ReloadVal                          bssBANK0     00031
_tundra_main                              text1        002D9
btemp                                     (abs)        0007E
clear_ram0                                clrtext      002F6
end_of_initialization                     cinit        0003A
getFrameData@eReceiver_step               bssBANK0     0003C
int$flags                                 (abs)        0007E
intlevel0                                 functab      00000
intlevel1                                 functab      00000
intlevel2                                 functab      00000
intlevel3                                 functab      00000
intlevel4                                 functab      00000
intlevel5                                 functab      00000
reset_vec                                 reset_vec    00000
start                                     init         00026
start_initialization                      cinit        00028
wtemp0                                    (abs)        0007E


MODULE INFORMATION

Module		Function		Class		Link	Load	Size
D:\yiming\00work\TY1500_U2_V01.X\main.c
		_main          		CODE           	0235	0000	24

D:\yiming\00work\TY1500_U2_V01.X\main.c estimated size: 24

D:\yiming\00work\TY1500_U2_V01.X\mcc_generated_files\tmr1.c
		_TMR1_Initialize		CODE           	02C1	0000	12
		_TMR1_StartSinglePulseAcquisition		CODE           	031B	0000	3
		_TMR1_StopTimer		CODE           	0315	0000	3
		_TMR1_Reload   		CODE           	02ED	0000	9
		_TMR1_CheckGateValueStatus		CODE           	0321	0000	3
		_TMR1_WriteTimer		CODE           	0278	0000	17
		_TMR1_StartTimer		CODE           	0318	0000	3
		_TMR1_ReadTimer		CODE           	0302	0000	6
		_TMR1_HasOverflowOccured		CODE           	031E	0000	3

D:\yiming\00work\TY1500_U2_V01.X\mcc_generated_files\tmr1.c estimated size: 59

D:\yiming\00work\TY1500_U2_V01.X\mcc_generated_files\pin_manager.c
		_PIN_MANAGER_Initialize		CODE           	021A	0000	27
		_PIN_MANAGER_IOC		CODE           	0331	0000	1

D:\yiming\00work\TY1500_U2_V01.X\mcc_generated_files\pin_manager.c estimated size: 28

shared
		_UART_LEVEL    		STRCODE        	0000	0000	0
		_BUF_LENGTH    		STRCODE        	0000	0000	0
		_RISING_EDGE_TRIG		STRCODE        	0000	0000	0
		_DATA_LENGTH   		STRCODE        	0000	0000	0
		_LOGIC_LEVEL   		STRCODE        	0000	0000	0
		__initialization		CODE           	0028	0000	18
		_CS            		STRCODE        	01A9	0000	64
		_BIT_7         		STRCODE        	0000	0000	0
		_FALLING_EDGE_TRIG		STRCODE        	0000	0000	0
		_LIGHT_PID     		STRCODE        	0000	0000	0

shared estimated size: 82

D:\yiming\00work\TY1500_U2_V01.X\mcc_generated_files\interrupt_manager.c
		_INTERRUPT_InterruptManager		CODE           	0004	0000	34

D:\yiming\00work\TY1500_U2_V01.X\mcc_generated_files\interrupt_manager.c estimated size: 34

D:\yiming\00work\TY1500_U2_V01.X\mcc_generated_files\tmr0.c
		_TMR0_SetInterruptHandler		CODE           	02FC	0000	6
		_TMR0_Reload   		CODE           	0311	0000	4
		_TMR0_CallBack 		CODE           	02B4	0000	13
		_TMR0_WriteTimer		CODE           	0308	0000	5
		_TMR0_ReadTimer		CODE           	0324	0000	3
		_TMR0_ISR      		CODE           	024D	0000	24
		_TMR0_Initialize		CODE           	02A7	0000	13

D:\yiming\00work\TY1500_U2_V01.X\mcc_generated_files\tmr0.c estimated size: 68

D:\yiming\00work\TY1500_U2_V01.X\mcc_generated_files\eccp3.c
		_ECCP3_CaptureISR		CODE           	0298	0000	15
		_ECCP3_Initialize		CODE           	02E3	0000	10

D:\yiming\00work\TY1500_U2_V01.X\mcc_generated_files\eccp3.c estimated size: 25

D:\yiming\00work\TY1500_U2_V01.X\tundra.c
		_Clear_No_Call_Warning		CODE           	0330	0000	1
		_getFrameData  		CODE           	00DD	0000	110
		_tundra_main   		CODE           	02D9	0000	10
		_LED_output    		CODE           	014B	0000	94
		_analysis_of_data		CODE           	01E9	0000	49
		_TMR0_10MS_Even		CODE           	0289	0000	15
		_ECCP3_CallBack		CODE           	003E	0000	159

D:\yiming\00work\TY1500_U2_V01.X\tundra.c estimated size: 438

D:\yiming\00work\TY1500_U2_V01.X\mcc_generated_files\mcc.c
		_WDT_Initialize		CODE           	030D	0000	4
		_OSCILLATOR_Initialize		CODE           	02CD	0000	12
		_SYSTEM_Initialize		CODE           	0265	0000	19

D:\yiming\00work\TY1500_U2_V01.X\mcc_generated_files\mcc.c estimated size: 35

